Component: ARM Compiler 5.06 update 7 (build 960) Tool: armlink [4d3601]

==============================================================================

Section Cross References

    startup_stm32f407xx.o(RESET) refers to startup_stm32f407xx.o(STACK) for __initial_sp
    startup_stm32f407xx.o(RESET) refers to startup_stm32f407xx.o(.text) for Reset_Handler
    startup_stm32f407xx.o(RESET) refers to stm32f4xx_it.o(i.NMI_Handler) for NMI_Handler
    startup_stm32f407xx.o(RESET) refers to stm32f4xx_it.o(i.HardFault_Handler) for HardFault_Handler
    startup_stm32f407xx.o(RESET) refers to stm32f4xx_it.o(i.MemManage_Handler) for MemManage_Handler
    startup_stm32f407xx.o(RESET) refers to stm32f4xx_it.o(i.BusFault_Handler) for BusFault_Handler
    startup_stm32f407xx.o(RESET) refers to stm32f4xx_it.o(i.UsageFault_Handler) for UsageFault_Handler
    startup_stm32f407xx.o(RESET) refers to stm32f4xx_it.o(i.SVC_Handler) for SVC_Handler
    startup_stm32f407xx.o(RESET) refers to stm32f4xx_it.o(i.DebugMon_Handler) for DebugMon_Handler
    startup_stm32f407xx.o(RESET) refers to stm32f4xx_it.o(i.PendSV_Handler) for PendSV_Handler
    startup_stm32f407xx.o(RESET) refers to stm32f4xx_it.o(i.SysTick_Handler) for SysTick_Handler
    startup_stm32f407xx.o(RESET) refers to stm32f4xx_it.o(i.DMA1_Stream1_IRQHandler) for DMA1_Stream1_IRQHandler
    startup_stm32f407xx.o(RESET) refers to stm32f4xx_it.o(i.DMA1_Stream2_IRQHandler) for DMA1_Stream2_IRQHandler
    startup_stm32f407xx.o(RESET) refers to stm32f4xx_it.o(i.DMA1_Stream4_IRQHandler) for DMA1_Stream4_IRQHandler
    startup_stm32f407xx.o(RESET) refers to stm32f4xx_it.o(i.DMA1_Stream5_IRQHandler) for DMA1_Stream5_IRQHandler
    startup_stm32f407xx.o(RESET) refers to k210_uart.o(i.USART1_IRQHandler) for USART1_IRQHandler
    startup_stm32f407xx.o(RESET) refers to k210_line_uart.o(i.USART2_IRQHandler) for USART2_IRQHandler
    startup_stm32f407xx.o(RESET) refers to mpu.o(i.USART3_IRQHandler) for USART3_IRQHandler
    startup_stm32f407xx.o(RESET) refers to stm32f4xx_it.o(i.TIM5_IRQHandler) for TIM5_IRQHandler
    startup_stm32f407xx.o(RESET) refers to stm32f4xx_it.o(i.UART4_IRQHandler) for UART4_IRQHandler
    startup_stm32f407xx.o(RESET) refers to stm32f4xx_it.o(i.UART5_IRQHandler) for UART5_IRQHandler
    startup_stm32f407xx.o(RESET) refers to stm32f4xx_it.o(i.DMA2_Stream1_IRQHandler) for DMA2_Stream1_IRQHandler
    startup_stm32f407xx.o(RESET) refers to stm32f4xx_it.o(i.DMA2_Stream2_IRQHandler) for DMA2_Stream2_IRQHandler
    startup_stm32f407xx.o(RESET) refers to stm32f4xx_it.o(i.DMA2_Stream6_IRQHandler) for DMA2_Stream6_IRQHandler
    startup_stm32f407xx.o(RESET) refers to stm32f4xx_it.o(i.USART6_IRQHandler) for USART6_IRQHandler
    startup_stm32f407xx.o(.text) refers to system_stm32f4xx.o(i.SystemInit) for SystemInit
    startup_stm32f407xx.o(.text) refers to entry.o(.ARM.Collect$$$$00000000) for __main
    main.o(i.HAL_TIM_PeriodElapsedCallback) refers to get_led.o(i.get_HEAD_LED) for get_HEAD_LED
    main.o(i.HAL_TIM_PeriodElapsedCallback) refers to get_led.o(i.get_BACK_LED) for get_BACK_LED
    main.o(i.HAL_TIM_PeriodElapsedCallback) refers to get_led.o(i.get_LEFT_LED) for get_LEFT_LED
    main.o(i.HAL_TIM_PeriodElapsedCallback) refers to get_led.o(i.get_RIGHT_LED) for get_RIGHT_LED
    main.o(i.HAL_TIM_PeriodElapsedCallback) refers to stm32f4xx_hal_uart.o(i.HAL_UART_Transmit_DMA) for HAL_UART_Transmit_DMA
    main.o(i.HAL_TIM_PeriodElapsedCallback) refers to f2d.o(.text) for __aeabi_f2d
    main.o(i.HAL_TIM_PeriodElapsedCallback) refers to dadd.o(.text) for __aeabi_drsub
    main.o(i.HAL_TIM_PeriodElapsedCallback) refers to d2f.o(.text) for __aeabi_d2f
    main.o(i.HAL_TIM_PeriodElapsedCallback) refers to mcnamu_wheel_drive.o(i.pid_solve) for pid_solve
    main.o(i.HAL_TIM_PeriodElapsedCallback) refers to dflti.o(.text) for __aeabi_i2d
    main.o(i.HAL_TIM_PeriodElapsedCallback) refers to tim.o(.bss) for htim5
    main.o(i.HAL_TIM_PeriodElapsedCallback) refers to main.o(.data) for tim_cnt_20
    main.o(i.HAL_TIM_PeriodElapsedCallback) refers to usart.o(.bss) for huart6
    main.o(i.HAL_TIM_PeriodElapsedCallback) refers to mpu.o(.bss) for mpu_crtl
    main.o(i.HAL_TIM_PeriodElapsedCallback) refers to main.o(.bss) for Move_Z_pid
    main.o(i.HAL_TIM_PeriodElapsedCallback) refers to mcnamu_wheel_drive.o(i.Speed_Calculation) for Speed_Calculation
    main.o(i.HAL_TIM_PeriodElapsedCallback) refers to mcnamu_wheel_drive.o(i.Set_Pwm) for Set_Pwm
    main.o(i.HAL_UART_ErrorCallback) refers to stm32f4xx_hal_uart.o(i.HAL_UART_Receive_IT) for HAL_UART_Receive_IT
    main.o(i.HAL_UART_ErrorCallback) refers to main.o(.data) for rx_buff
    main.o(i.HAL_UART_RxCpltCallback) refers to stm32f4xx_hal_uart.o(i.HAL_UART_Receive_IT) for HAL_UART_Receive_IT
    main.o(i.HAL_UART_RxCpltCallback) refers to main.o(.bss) for uart_seveo
    main.o(i.HAL_UART_RxCpltCallback) refers to usart.o(.bss) for huart5
    main.o(i.SystemClock_Config) refers to memseta.o(.text) for __aeabi_memclr4
[...]
    __NVIC_GetPriorityGrouping               0x08008ebd   Thumb Code    10  stm32f4xx_hal_cortex.o(i.__NVIC_GetPriorityGrouping)
    i.__NVIC_SetPriority                     0x08008ecc   Section        0  stm32f4xx_hal_cortex.o(i.__NVIC_SetPriority)
    __NVIC_SetPriority                       0x08008ecd   Thumb Code    32  stm32f4xx_hal_cortex.o(i.__NVIC_SetPriority)
    i.__hardfp_fabs                          0x08008ef4   Section        0  fabs.o(i.__hardfp_fabs)
    i.__scatterload_copy                     0x08008f08   Section       14  handlers.o(i.__scatterload_copy)
    i.__scatterload_null                     0x08008f16   Section        2  handlers.o(i.__scatterload_null)
    i.__scatterload_zeroinit                 0x08008f18   Section       14  handlers.o(i.__scatterload_zeroinit)
    i._printf_core                           0x08008f28   Section        0  printf1.o(i._printf_core)
    _printf_core                             0x08008f29   Thumb Code   336  printf1.o(i._printf_core)
    i.catch1_1                               0x0800907c   Section        0  my_servo.o(i.catch1_1)
    i.catch1_2                               0x0800913c   Section        0  my_servo.o(i.catch1_2)
    i.catch1_3                               0x080091e8   Section        0  my_servo.o(i.catch1_3)
    i.catch2_1                               0x080092a8   Section        0  my_servo.o(i.catch2_1)
    i.catch2_2                               0x0800932c   Section        0  my_servo.o(i.catch2_2)
    i.catch2_3                               0x0800939c   Section        0  my_servo.o(i.catch2_3)
    i.catch_brige1                           0x0800940c   Section        0  my_servo.o(i.catch_brige1)
    i.catch_brige2                           0x0800947c   Section        0  my_servo.o(i.catch_brige2)
    i.catch_brige3                           0x08009500   Section        0  my_servo.o(i.catch_brige3)
    i.catch_carsite0                         0x08009584   Section        0  my_servo.o(i.catch_carsite0)
    i.catch_carsite1                         0x08009606   Section        0  my_servo.o(i.catch_carsite1)
    i.catch_carsite2                         0x08009674   Section        0  my_servo.o(i.catch_carsite2)
    i.compare_int                            0x080096f6   Section        0  user_lib.o(i.compare_int)
    i.end_put_1_1                            0x08009700   Section        0  my_servo.o(i.end_put_1_1)
    i.end_put_1_2                            0x08009798   Section        0  my_servo.o(i.end_put_1_2)
    i.end_put_1_3                            0x0800981c   Section        0  my_servo.o(i.end_put_1_3)
    i.end_put_2_1                            0x080098b4   Section        0  my_servo.o(i.end_put_2_1)
    i.end_put_2_2                            0x08009938   Section        0  my_servo.o(i.end_put_2_2)
    i.end_put_2_3                            0x080099bc   Section        0  my_servo.o(i.end_put_2_3)
    i.fputc                                  0x08009a40   Section        0  main.o(i.fputc)
    i.get_BACK_LED                           0x08009a60   Section        0  get_led.o(i.get_BACK_LED)
    i.get_HEAD_LED                           0x08009abc   Section        0  get_led.o(i.get_HEAD_LED)
    i.get_LEFT_LED                           0x08009b08   Section        0  get_led.o(i.get_LEFT_LED)
    i.get_RIGHT_LED                          0x08009b70   Section        0  get_led.o(i.get_RIGHT_LED)
    i.init_bias                              0x08009bd8   Section        0  maps.o(i.init_bias)
    i.init_maps                              0x08009bec   Section        0  maps.o(i.init_maps)
    i.loop_fp32_constrain                    0x08009c00   Section        0  user_lib.o(i.loop_fp32_constrain)
    i.main                                   0x08009c60   Section        0  main.o(i.main)
    i.mpuInit                                0x08009dac   Section        0  mpu.o(i.mpuInit)
    i.mpu_control_init                       0x08009dfc   Section        0  mpu.o(i.mpu_control_init)
    i.mpureturnzero                          0x08009e10   Section        0  mpu.o(i.mpureturnzero)
    i.pid_solve                              0x08009e60   Section        0  mcnamu_wheel_drive.o(i.pid_solve)
    i.put_brige1                             0x0800a0e4   Section        0  my_servo.o(i.put_brige1)
    i.put_brige2                             0x0800a154   Section        0  my_servo.o(i.put_brige2)
    i.put_brige3                             0x0800a1c4   Section        0  my_servo.o(i.put_brige3)
    i.put_carsite0                           0x0800a234   Section        0  my_servo.o(i.put_carsite0)
    i.put_carsite1                           0x0800a28e   Section        0  my_servo.o(i.put_carsite1)
    i.put_carsite2                           0x0800a2fc   Section        0  my_servo.o(i.put_carsite2)
    i.qfsm_temp                              0x0800a36a   Section        0  sys.o(i.qfsm_temp)
    i.ramp_init                              0x0800a374   Section        0  user_lib.o(i.ramp_init)
    i.sbus_to_mpu                            0x0800a3a0   Section        0  mpu.o(i.sbus_to_mpu)
    sbus_to_mpu                              0x0800a3a1   Thumb Code   168  mpu.o(i.sbus_to_mpu)
    i.speed2pwm                              0x0800a45c   Section        0  mcnamu_wheel_drive.o(i.speed2pwm)
    i.subs2k210                              0x0800a55c   Section        0  my_servo.o(i.subs2k210)
    i.theta_format                           0x0800a568   Section        0  user_lib.o(i.theta_format)
    i.uart_line_to_k210                      0x0800a588   Section        0  k210_line_uart.o(i.uart_line_to_k210)
    uart_line_to_k210                        0x0800a589   Thumb Code   112  k210_line_uart.o(i.uart_line_to_k210)
    i.uart_to_bias                           0x0800a5fc   Section        0  maps.o(i.uart_to_bias)
    uart_to_bias                             0x0800a5fd   Thumb Code   186  maps.o(i.uart_to_bias)
    i.uart_to_k210                           0x0800a704   Section        0  k210_uart.o(i.uart_to_k210)
    uart_to_k210                             0x0800a705   Thumb Code    84  k210_uart.o(i.uart_to_k210)
    i.uart_to_maps                           0x0800a758   Section        0  maps.o(i.uart_to_maps)
    uart_to_maps                             0x0800a759   Thumb Code   186  maps.o(i.uart_to_maps)
    i.wheel_BL_speed_set                     0x0800a814   Section        0  mcnamu_wheel_drive.o(i.wheel_BL_speed_set)
    i.wheel_BR_speed_set                     0x0800a87c   Section        0  mcnamu_wheel_drive.o(i.wheel_BR_speed_set)
    i.wheel_HL_speed_set                     0x0800a8e4   Section        0  mcnamu_wheel_drive.o(i.wheel_HL_speed_set)
    i.wheel_HR_speed_set                     0x0800a94c   Section        0  mcnamu_wheel_drive.o(i.wheel_HR_speed_set)
    .constdata                               0x0800a9a8   Section        8  stm32f4xx_hal_dma.o(.constdata)
    flagBitshiftOffset                       0x0800a9a8   Data           8  stm32f4xx_hal_dma.o(.constdata)
    .constdata                               0x0800a9b0   Section       24  system_stm32f4xx.o(.constdata)
    .constdata                               0x0800a9c8   Section     5124  mcnamu_wheel_drive.o(.constdata)
    .constdata                               0x0800bdcc   Section       52  sys.o(.constdata)
    .data                                    0x20000000   Section       82  main.o(.data)
    .data                                    0x20000054   Section        9  stm32f4xx_hal.o(.data)
    .data                                    0x20000060   Section        4  system_stm32f4xx.o(.data)
    .data                                    0x20000064   Section       12  mcnamu_wheel_drive.o(.data)
    last_X_speed                             0x20000064   Data           4  mcnamu_wheel_drive.o(.data)
    last_Y_speed                             0x20000068   Data           4  mcnamu_wheel_drive.o(.data)
    last_Z_speed                             0x2000006c   Data           4  mcnamu_wheel_drive.o(.data)
    .data                                    0x20000070   Section       20  mpu.o(.data)
    this_time_rx_len                         0x20000070   Data           2  mpu.o(.data)
    Bias                                     0x20000074   Data           4  mpu.o(.data)
    Last_Bias                                0x20000078   Data           4  mpu.o(.data)
    integral                                 0x2000007c   Data           4  mpu.o(.data)
    derivative                               0x20000080   Data           4  mpu.o(.data)
    .data                                    0x20000084   Section        2  k210_uart.o(.data)
    this_time_rx_len                         0x20000084   Data           2  k210_uart.o(.data)
    .data                                    0x20000086   Section        5  maps.o(.data)
    .data                                    0x2000008c   Section       10  my_servo.o(.data)
    Servo1                                   0x2000008c   Data           2  my_servo.o(.data)
    Servo2                                   0x2000008e   Data           2  my_servo.o(.data)
    Servo3                                   0x20000090   Data           2  my_servo.o(.data)
    Servo4                                   0x20000092   Data           2  my_servo.o(.data)
    Servo5                                   0x20000094   Data           2  my_servo.o(.data)
    .data                                    0x20000098   Section        4  stdout.o(.data)
    .bss                                     0x200000a0   Section      760  main.o(.bss)
    .bss                                     0x20000398   Section      504  tim.o(.bss)
    .bss                                     0x20000590   Section     1080  usart.o(.bss)
    .bss                                     0x200009c8   Section      100  mpu.o(.bss)
    uartRecData                              0x200009c8   Data          88  mpu.o(.bss)
    .bss                                     0x20000a2c   Section      240  user_lib.o(.bss)
    x                                        0x20000a2c   Data          60  user_lib.o(.bss)
    xi                                       0x20000a68   Data          60  user_lib.o(.bss)
    x                                        0x20000aa4   Data          60  user_lib.o(.bss)
    x                                        0x20000ae0   Data          60  user_lib.o(.bss)
    .bss                                     0x20000b1c   Section       40  k210_uart.o(.bss)
    K210_uartRecData                         0x20000b1c   Data          40  k210_uart.o(.bss)
    .bss                                     0x20000b44   Section       54  k210_line_uart.o(.bss)
    K210_line_uartRecData                    0x20000b44   Data          36  k210_line_uart.o(.bss)
    .bss                                     0x20000b7c   Section      268  maps.o(.bss)
    STACK                                    0x20000c88   Section     1024  startup_stm32f407xx.o(STACK)

    Global Symbols

    Symbol Name                              Value     Ov Type        Size  Object(Section)

    BuildAttributes$$THM_ISAv4$E$P$D$K$B$S$7EM$VFPi3$EXTD16$VFPS$VFMA$PE$A:L22UL41UL21$X:L11$S22US41US21$IEEE1$IW$USESV6$~STKCKD$USESV7$~SHL$OTIME$ROPI$IEEEJ$EBA8$MICROLIB$REQ8$PRES8$EABIv2 0x00000000   Number         0  anon$$obj.o ABSOLUTE
    __ARM_use_no_argv                        0x00000000   Number         0  main.o ABSOLUTE
    _printf_a                                0x00000000   Number         0  stubs.o ABSOLUTE
    _printf_c                                0x00000000   Number         0  stubs.o ABSOLUTE
    _printf_charcount                        0x00000000   Number         0  stubs.o ABSOLUTE
    _printf_d                                0x00000000   Number         0  stubs.o ABSOLUTE
    _printf_e                                0x00000000   Number         0  stubs.o ABSOLUTE
    _printf_f                                0x00000000   Number         0  stubs.o ABSOLUTE
    _printf_flags                            0x00000000   Number         0  stubs.o ABSOLUTE
    _printf_fp_dec                           0x00000000   Number         0  stubs.o ABSOLUTE
    _printf_fp_hex                           0x00000000   Number         0  stubs.o ABSOLUTE
    _printf_g                                0x00000000   Number         0  stubs.o ABSOLUTE
    _printf_i                                0x00000000   Number         0  stubs.o ABSOLUTE
    _printf_int_dec                          0x00000000   Number         0  stubs.o ABSOLUTE
    _printf_l                                0x00000000   Number         0  stubs.o ABSOLUTE
    _printf_lc                               0x00000000   Number         0  stubs.o ABSOLUTE
    _printf_ll                               0x00000000   Number         0  stubs.o ABSOLUTE
    _printf_lld                              0x00000000   Number         0  stubs.o ABSOLUTE
    _printf_lli                              0x00000000   Number         0  stubs.o ABSOLUTE
    _printf_llo                              0x00000000   Number         0  stubs.o ABSOLUTE
    _printf_llu                              0x00000000   Number         0  stubs.o ABSOLUTE
    _printf_llx                              0x00000000   Number         0  stubs.o ABSOLUTE
    _printf_longlong_dec                     0x00000000   Number         0  stubs.o ABSOLUTE
    _printf_longlong_hex                     0x00000000   Number         0  stubs.o ABSOLUTE
    _printf_longlong_oct                     0x00000000   Number         0  stubs.o ABSOLUTE
    _printf_ls                               0x00000000   Number         0  stubs.o ABSOLUTE
    _printf_mbtowc                           0x00000000   Number         0  stubs.o ABSOLUTE
    _printf_n                                0x00000000   Number         0  stubs.o ABSOLUTE
    _printf_o                                0x00000000   Number         0  stubs.o ABSOLUTE
    _printf_p                                0x00000000   Number         0  stubs.o ABSOLUTE
    _printf_percent                          0x00000000   Number         0  stubs.o ABSOLUTE
    _printf_pre_padding                      0x00000000   Number         0  stubs.o ABSOLUTE
    _printf_return_value                     0x00000000   Number         0  stubs.o ABSOLUTE
    _printf_s                                0x00000000   Number         0  stubs.o ABSOLUTE
    _printf_sizespec                         0x00000000   Number         0  stubs.o ABSOLUTE
    _printf_str                              0x00000000   Number         0  stubs.o ABSOLUTE
    _printf_truncate_signed                  0x00000000   Number         0  stubs.o ABSOLUTE
    _printf_truncate_unsigned                0x00000000   Number         0  stubs.o ABSOLUTE
    _printf_u                                0x00000000   Number         0  stubs.o ABSOLUTE
    _printf_wc                               0x00000000   Number         0  stubs.o ABSOLUTE
    _printf_wctomb                           0x00000000   Number         0  stubs.o ABSOLUTE
    _printf_widthprec                        0x00000000   Number         0  stubs.o ABSOLUTE
    _printf_x                                0x00000000   Number         0  stubs.o ABSOLUTE
    __arm_fini_                               - Undefined Weak Reference
    __cpp_initialize__aeabi_                  - Undefined Weak Reference
    __cxa_finalize                            - Undefined Weak Reference
    __decompress                              - Undefined Weak Reference
    _clock_init                               - Undefined Weak Reference
    _microlib_exit                            - Undefined Weak Reference
    __Vectors_Size                           0x00000188   Number         0  startup_stm32f407xx.o ABSOLUTE
    __Vectors                                0x08000000   Data           4  startup_stm32f407xx.o(RESET)
    __Vectors_End                            0x08000188   Data           0  startup_stm32f407xx.o(RESET)
    __main                                   0x08000189   Thumb Code     0  entry.o(.ARM.Collect$$$$00000000)
    _main_stk                                0x08000189   Thumb Code     0  entry2.o(.ARM.Collect$$$$00000001)
    _main_scatterload                        0x0800018d   Thumb Code     0  entry5.o(.ARM.Collect$$$$00000004)
    __main_after_scatterload                 0x08000191   Thumb Code     0  entry5.o(.ARM.Collect$$$$00000004)
    _main_clock                              0x08000191   Thumb Code     0  entry7b.o(.ARM.Collect$$$$00000008)
    _main_cpp_init                           0x08000191   Thumb Code     0  entry8b.o(.ARM.Collect$$$$0000000A)
    _main_init                               0x08000191   Thumb Code     0  entry9a.o(.ARM.Collect$$$$0000000B)
    __rt_lib_shutdown_fini                   0x08000199   Thumb Code     0  entry12b.o(.ARM.Collect$$$$0000000E)
    __rt_final_cpp                           0x0800019d   Thumb Code     0  entry10a.o(.ARM.Collect$$$$0000000F)
    __rt_final_exit                          0x0800019d   Thumb Code     0  entry11a.o(.ARM.Collect$$$$00000011)
    Reset_Handler                            0x080001a1   Thumb Code     8  startup_stm32f407xx.o(.text)
    ADC_IRQHandler                           0x080001bb   Thumb Code     0  startup_stm32f407xx.o(.text)
    CAN1_RX0_IRQHandler                      0x080001bb   Thumb Code     0  startup_stm32f407xx.o(.text)
    CAN1_RX1_IRQHandler                      0x080001bb   Thumb Code     0  startup_stm32f407xx.o(.text)
    CAN1_SCE_IRQHandler                      0x080001bb   Thumb Code     0  startup_stm32f407xx.o(.text)
    CAN1_TX_IRQHandler                       0x080001bb   Thumb Code     0  startup_stm32f407xx.o(.text)
    CAN2_RX0_IRQHandler                      0x080001bb   Thumb Code     0  startup_stm32f407xx.o(.text)
    CAN2_RX1_IRQHandler                      0x080001bb   Thumb Code     0  startup_stm32f407xx.o(.text)
    CAN2_SCE_IRQHandler                      0x080001bb   Thumb Code     0  startup_stm32f407xx.o(.text)
    CAN2_TX_IRQHandler                       0x080001bb   Thumb Code     0  startup_stm32f407xx.o(.text)
    DCMI_IRQHandler                          0x080001bb   Thumb Code     0  startup_stm32f407xx.o(.text)
    DMA1_Stream0_IRQHandler                  0x080001bb   Thumb Code     0  startup_stm32f407xx.o(.text)
    DMA1_Stream3_IRQHandler                  0x080001bb   Thumb Code     0  startup_stm32f407xx.o(.text)
    DMA1_Stream6_IRQHandler                  0x080001bb   Thumb Code     0  startup_stm32f407xx.o(.text)
    DMA1_Stream7_IRQHandler                  0x080001bb   Thumb Code     0  startup_stm32f407xx.o(.text)
    DMA2_Stream0_IRQHandler                  0x080001bb   Thumb Code     0  startup_stm32f407xx.o(.text)
    DMA2_Stream3_IRQHandler                  0x080001bb   Thumb Code     0  startup_stm32f407xx.o(.text)
    DMA2_Stream4_IRQHandler                  0x080001bb   Thumb Code     0  startup_stm32f407xx.o(.text)
    DMA2_Stream5_IRQHandler                  0x080001bb   Thumb Code     0  startup_stm32f407xx.o(.text)
    DMA2_Stream7_IRQHandler                  0x080001bb   Thumb Code     0  startup_stm32f407xx.o(.text)
    ETH_IRQHandler                           0x080001bb   Thumb Code     0  startup_stm32f407xx.o(.text)
    ETH_WKUP_IRQHandler                      0x080001bb   Thumb Code     0  startup_stm32f407xx.o(.text)
    EXTI0_IRQHandler                         0x080001bb   Thumb Code     0  startup_stm32f407xx.o(.text)
    EXTI15_10_IRQHandler                     0x080001bb   Thumb Code     0  startup_stm32f407xx.o(.text)
    EXTI1_IRQHandler                         0x080001bb   Thumb Code     0  startup_stm32f407xx.o(.text)
    EXTI2_IRQHandler                         0x080001bb   Thumb Code     0  startup_stm32f407xx.o(.text)
    EXTI3_IRQHandler                         0x080001bb   Thumb Code     0  startup_stm32f407xx.o(.text)
    EXTI4_IRQHandler                         0x080001bb   Thumb Code     0  startup_stm32f407xx.o(.text)
    EXTI9_5_IRQHandler                       0x080001bb   Thumb Code     0  startup_stm32f407xx.o(.text)
    FLASH_IRQHandler                         0x080001bb   Thumb Code     0  startup_stm32f407xx.o(.text)
    FMC_IRQHandler                           0x080001bb   Thumb Code     0  startup_stm32f407xx.o(.text)
    FPU_IRQHandler                           0x080001bb   Thumb Code     0  startup_stm32f407xx.o(.text)
    HASH_RNG_IRQHandler                      0x080001bb   Thumb Code     0  startup_stm32f407xx.o(.text)
    I2C1_ER_IRQHandler                       0x080001bb   Thumb Code     0  startup_stm32f407xx.o(.text)
    I2C1_EV_IRQHandler                       0x080001bb   Thumb Code     0  startup_stm32f407xx.o(.text)
    I2C2_ER_IRQHandler                       0x080001bb   Thumb Code     0  startup_stm32f407xx.o(.text)
    I2C2_EV_IRQHandler                       0x080001bb   Thumb Code     0  startup_stm32f407xx.o(.text)
    I2C3_ER_IRQHandler                       0x080001bb   Thumb Code     0  startup_stm32f407xx.o(.text)
    I2C3_EV_IRQHandler                       0x080001bb   Thumb Code     0  startup_stm32f407xx.o(.text)
    OTG_FS_IRQHandler                        0x080001bb   Thumb Code     0  startup_stm32f407xx.o(.text)
    OTG_FS_WKUP_IRQHandler                   0x080001bb   Thumb Code     0  startup_stm32f407xx.o(.text)
    OTG_HS_EP1_IN_IRQHandler                 0x080001bb   Thumb Code     0  startup_stm32f407xx.o(.text)
    OTG_HS_EP1_OUT_IRQHandler                0x080001bb   Thumb Code     0  startup_stm32f407xx.o(.text)
    OTG_HS_IRQHandler                        0x080001bb   Thumb Code     0  startup_stm32f407xx.o(.text)
    OTG_HS_WKUP_IRQHandler                   0x080001bb   Thumb Code     0  startup_stm32f407xx.o(.text)
    PVD_IRQHandler                           0x080001bb   Thumb Code     0  startup_stm32f407xx.o(.text)
    RCC_IRQHandler                           0x080001bb   Thumb Code     0  startup_stm32f407xx.o(.text)
    RTC_Alarm_IRQHandler                     0x080001bb   Thumb Code     0  startup_stm32f407xx.o(.text)
    RTC_WKUP_IRQHandler                      0x080001bb   Thumb Code     0  startup_stm32f407xx.o(.text)
    SDIO_IRQHandler                          0x080001bb   Thumb Code     0  startup_stm32f407xx.o(.text)
    SPI1_IRQHandler                          0x080001bb   Thumb Code     0  startup_stm32f407xx.o(.text)
    SPI2_IRQHandler                          0x080001bb   Thumb Code     0  startup_stm32f407xx.o(.text)
    SPI3_IRQHandler                          0x080001bb   Thumb Code     0  startup_stm32f407xx.o(.text)
    TAMP_STAMP_IRQHandler                    0x080001bb   Thumb Code     0  startup_stm32f407xx.o(.text)
    TIM1_BRK_TIM9_IRQHandler                 0x080001bb   Thumb Code     0  startup_stm32f407xx.o(.text)
    TIM1_CC_IRQHandler                       0x080001bb   Thumb Code     0  startup_stm32f407xx.o(.text)
    TIM1_TRG_COM_TIM11_IRQHandler            0x080001bb   Thumb Code     0  startup_stm32f407xx.o(.text)
    TIM1_UP_TIM10_IRQHandler                 0x080001bb   Thumb Code     0  startup_stm32f407xx.o(.text)
    TIM2_IRQHandler                          0x080001bb   Thumb Code     0  startup_stm32f407xx.o(.text)
    TIM3_IRQHandler                          0x080001bb   Thumb Code     0  startup_stm32f407xx.o(.text)
    TIM4_IRQHandler                          0x080001bb   Thumb Code     0  startup_stm32f407xx.o(.text)
    TIM6_DAC_IRQHandler                      0x080001bb   Thumb Code     0  startup_stm32f407xx.o(.text)
    TIM7_IRQHandler                          0x080001bb   Thumb Code     0  startup_stm32f407xx.o(.text)
    TIM8_BRK_TIM12_IRQHandler                0x080001bb   Thumb Code     0  startup_stm32f407xx.o(.text)
    TIM8_CC_IRQHandler                       0x080001bb   Thumb Code     0  startup_stm32f407xx.o(.text)
    TIM8_TRG_COM_TIM14_IRQHandler            0x080001bb   Thumb Code     0  startup_stm32f407xx.o(.text)
    TIM8_UP_TIM13_IRQHandler                 0x080001bb   Thumb Code     0  startup_stm32f407xx.o(.text)
    WWDG_IRQHandler                          0x080001bb   Thumb Code     0  startup_stm32f407xx.o(.text)
    __aeabi_uldivmod                         0x080001c5   Thumb Code    98  uldiv.o(.text)
    qsort                                    0x08000227   Thumb Code   156  qsort.o(.text)
    __aeabi_memcpy                           0x080002c3   Thumb Code    36  memcpya.o(.text)
    __aeabi_memcpy4                          0x080002c3   Thumb Code     0  memcpya.o(.text)
    __aeabi_memcpy8                          0x080002c3   Thumb Code     0  memcpya.o(.text)
    __aeabi_memset                           0x080002e7   Thumb Code    14  memseta.o(.text)
    __aeabi_memset4                          0x080002e7   Thumb Code     0  memseta.o(.text)
    __aeabi_memset8                          0x080002e7   Thumb Code     0  memseta.o(.text)
    __aeabi_memclr                           0x080002f5   Thumb Code     4  memseta.o(.text)
    __aeabi_memclr4                          0x080002f5   Thumb Code     0  memseta.o(.text)
    __aeabi_memclr8                          0x080002f5   Thumb Code     0  memseta.o(.text)
    _memset$wrapper                          0x080002f9   Thumb Code    18  memseta.o(.text)
    __aeabi_dadd                             0x0800030b   Thumb Code   322  dadd.o(.text)
    __aeabi_dsub                             0x0800044d   Thumb Code     6  dadd.o(.text)
    __aeabi_drsub                            0x08000453   Thumb Code     6  dadd.o(.text)
    __aeabi_dmul                             0x08000459   Thumb Code   228  dmul.o(.text)
    __aeabi_ddiv                             0x0800053d   Thumb Code   222  ddiv.o(.text)
    __aeabi_i2d                              0x0800061b   Thumb Code    34  dflti.o(.text)
    __aeabi_f2d                              0x0800063d   Thumb Code    38  f2d.o(.text)
    __aeabi_cdcmpeq                          0x08000665   Thumb Code     0  cdcmple.o(.text)
    __aeabi_cdcmple                          0x08000665   Thumb Code    48  cdcmple.o(.text)
    __aeabi_cdrcmple                         0x08000695   Thumb Code    48  cdrcmple.o(.text)
    __aeabi_d2f                              0x080006c5   Thumb Code    56  d2f.o(.text)
    __aeabi_uidiv                            0x080006fd   Thumb Code     0  uidiv.o(.text)
    __aeabi_uidivmod                         0x080006fd   Thumb Code    44  uidiv.o(.text)
    __aeabi_llsl                             0x08000729   Thumb Code    30  llshl.o(.text)
    _ll_shift_l                              0x08000729   Thumb Code     0  llshl.o(.text)
    __aeabi_llsr                             0x08000747   Thumb Code    32  llushr.o(.text)
    _ll_ushift_r                             0x08000747   Thumb Code     0  llushr.o(.text)
    __aeabi_lasr                             0x08000767   Thumb Code    36  llsshr.o(.text)
    _ll_sshift_r                             0x08000767   Thumb Code     0  llsshr.o(.text)
    __I$use$fp                               0x0800078b   Thumb Code     0  iusefp.o(.text)
    _float_round                             0x0800078b   Thumb Code    18  fepilogue.o(.text)
    _float_epilogue                          0x0800079d   Thumb Code    92  fepilogue.o(.text)
    _double_round                            0x080007f9   Thumb Code    30  depilogue.o(.text)
    _double_epilogue                         0x08000817   Thumb Code   156  depilogue.o(.text)
    __scatterload                            0x080008b5   Thumb Code    28  init.o(.text)
    __scatterload_rt2                        0x080008b5   Thumb Code     0  init.o(.text)
    BusFault_Handler                         0x080008d9   Thumb Code     4  stm32f4xx_it.o(i.BusFault_Handler)
    Car_initial                              0x080008dd   Thumb Code    10  qfsm_user.o(i.Car_initial)
    DMA1_Stream1_IRQHandler                  0x080008ed   Thumb Code    10  stm32f4xx_it.o(i.DMA1_Stream1_IRQHandler)
    DMA1_Stream2_IRQHandler                  0x080008fd   Thumb Code    10  stm32f4xx_it.o(i.DMA1_Stream2_IRQHandler)
    DMA1_Stream4_IRQHandler                  0x0800090d   Thumb Code    10  stm32f4xx_it.o(i.DMA1_Stream4_IRQHandler)
    DMA1_Stream5_IRQHandler                  0x0800091d   Thumb Code    10  stm32f4xx_it.o(i.DMA1_Stream5_IRQHandler)
    DMA2_Stream1_IRQHandler                  0x0800092d   Thumb Code    10  stm32f4xx_it.o(i.DMA2_Stream1_IRQHandler)
    DMA2_Stream2_IRQHandler                  0x0800093d   Thumb Code    10  stm32f4xx_it.o(i.DMA2_Stream2_IRQHandler)
    DMA2_Stream6_IRQHandler                  0x0800094d   Thumb Code    10  stm32f4xx_it.o(i.DMA2_Stream6_IRQHandler)
    DebugMon_Handler                         0x08000a67   Thumb Code     2  stm32f4xx_it.o(i.DebugMon_Handler)
    Drive_init                               0x08000a69   Thumb Code   486  mcnamu_wheel_drive.o(i.Drive_init)
    Error_Handler                            0x08000ce1   Thumb Code     6  main.o(i.Error_Handler)
    HAL_DMA_Abort                            0x08000ce7   Thumb Code   172  stm32f4xx_hal_dma.o(i.HAL_DMA_Abort)
    HAL_DMA_Abort_IT                         0x08000d93   Thumb Code    40  stm32f4xx_hal_dma.o(i.HAL_DMA_Abort_IT)
    HAL_DMA_IRQHandler                       0x08000dbd   Thumb Code   570  stm32f4xx_hal_dma.o(i.HAL_DMA_IRQHandler)
    HAL_DMA_Init                             0x08000ffd   Thumb Code   232  stm32f4xx_hal_dma.o(i.HAL_DMA_Init)
    HAL_DMA_Start_IT                         0x080010e9   Thumb Code   146  stm32f4xx_hal_dma.o(i.HAL_DMA_Start_IT)
    HAL_Delay                                0x0800117d   Thumb Code    36  stm32f4xx_hal.o(i.HAL_Delay)
    HAL_GPIO_Init                            0x080011a5   Thumb Code   454  stm32f4xx_hal_gpio.o(i.HAL_GPIO_Init)
    HAL_GPIO_ReadPin                         0x08001399   Thumb Code    16  stm32f4xx_hal_gpio.o(i.HAL_GPIO_ReadPin)
    HAL_GPIO_TogglePin                       0x080013a9   Thumb Code    20  stm32f4xx_hal_gpio.o(i.HAL_GPIO_TogglePin)
    HAL_GPIO_WritePin                        0x080013bd   Thumb Code    12  stm32f4xx_hal_gpio.o(i.HAL_GPIO_WritePin)
    HAL_GetTick                              0x080013c9   Thumb Code     6  stm32f4xx_hal.o(i.HAL_GetTick)
    HAL_IncTick                              0x080013d5   Thumb Code    16  stm32f4xx_hal.o(i.HAL_IncTick)
    HAL_Init                                 0x080013ed   Thumb Code    54  stm32f4xx_hal.o(i.HAL_Init)
    HAL_InitTick                             0x08001429   Thumb Code    64  stm32f4xx_hal.o(i.HAL_InitTick)
    HAL_MspInit                              0x08001475   Thumb Code    68  stm32f4xx_hal_msp.o(i.HAL_MspInit)
    HAL_NVIC_EnableIRQ                       0x080014bd   Thumb Code    32  stm32f4xx_hal_cortex.o(i.HAL_NVIC_EnableIRQ)
    HAL_NVIC_SetPriority                     0x080014dd   Thumb Code   124  stm32f4xx_hal_cortex.o(i.HAL_NVIC_SetPriority)
    HAL_NVIC_SetPriorityGrouping             0x08001559   Thumb Code    32  stm32f4xx_hal_cortex.o(i.HAL_NVIC_SetPriorityGrouping)
    HAL_RCC_ClockConfig                      0x08001581   Thumb Code   368  stm32f4xx_hal_rcc.o(i.HAL_RCC_ClockConfig)
    HAL_RCC_GetHCLKFreq                      0x08001705   Thumb Code     6  stm32f4xx_hal_rcc.o(i.HAL_RCC_GetHCLKFreq)
    HAL_RCC_GetPCLK1Freq                     0x08001711   Thumb Code    22  stm32f4xx_hal_rcc.o(i.HAL_RCC_GetPCLK1Freq)
    HAL_RCC_GetPCLK2Freq                     0x08001731   Thumb Code    22  stm32f4xx_hal_rcc.o(i.HAL_RCC_GetPCLK2Freq)
    HAL_RCC_GetSysClockFreq                  0x08001751   Thumb Code   162  stm32f4xx_hal_rcc.o(i.HAL_RCC_GetSysClockFreq)
    HAL_RCC_OscConfig                        0x08001801   Thumb Code  1172  stm32f4xx_hal_rcc.o(i.HAL_RCC_OscConfig)
    HAL_SYSTICK_Config                       0x08001c9d   Thumb Code    52  stm32f4xx_hal_cortex.o(i.HAL_SYSTICK_Config)
    HAL_TIMEx_BreakCallback                  0x08001cd1   Thumb Code     2  stm32f4xx_hal_tim_ex.o(i.HAL_TIMEx_BreakCallback)
    HAL_TIMEx_CommutCallback                 0x08001cd3   Thumb Code     2  stm32f4xx_hal_tim_ex.o(i.HAL_TIMEx_CommutCallback)
    HAL_TIMEx_ConfigBreakDeadTime            0x08001cd5   Thumb Code   116  stm32f4xx_hal_tim_ex.o(i.HAL_TIMEx_ConfigBreakDeadTime)
    HAL_TIMEx_MasterConfigSynchronization    0x08001d49   Thumb Code   150  stm32f4xx_hal_tim_ex.o(i.HAL_TIMEx_MasterConfigSynchronization)
    HAL_TIM_Base_Init                        0x08001dfd   Thumb Code   102  stm32f4xx_hal_tim.o(i.HAL_TIM_Base_Init)
    HAL_TIM_Base_MspInit                     0x08001e65   Thumb Code   152  tim.o(i.HAL_TIM_Base_MspInit)
    HAL_TIM_Base_Start_IT                    0x08001f0d   Thumb Code   138  stm32f4xx_hal_tim.o(i.HAL_TIM_Base_Start_IT)
    HAL_TIM_ConfigClockSource                0x08001fb5   Thumb Code   268  stm32f4xx_hal_tim.o(i.HAL_TIM_ConfigClockSource)
    HAL_TIM_IC_CaptureCallback               0x080020c1   Thumb Code     2  stm32f4xx_hal_tim.o(i.HAL_TIM_IC_CaptureCallback)
    HAL_TIM_IRQHandler                       0x080020c3   Thumb Code   406  stm32f4xx_hal_tim.o(i.HAL_TIM_IRQHandler)
    HAL_TIM_MspPostInit                      0x08002259   Thumb Code   426  tim.o(i.HAL_TIM_MspPostInit)
    HAL_TIM_OC_DelayElapsedCallback          0x0800242d   Thumb Code     2  stm32f4xx_hal_tim.o(i.HAL_TIM_OC_DelayElapsedCallback)
    HAL_TIM_PWM_ConfigChannel                0x0800242f   Thumb Code   260  stm32f4xx_hal_tim.o(i.HAL_TIM_PWM_ConfigChannel)
    HAL_TIM_PWM_Init                         0x08002533   Thumb Code   102  stm32f4xx_hal_tim.o(i.HAL_TIM_PWM_Init)
    HAL_TIM_PWM_MspInit                      0x08002599   Thumb Code   168  tim.o(i.HAL_TIM_PWM_MspInit)
    HAL_TIM_PWM_PulseFinishedCallback        0x08002655   Thumb Code     2  stm32f4xx_hal_tim.o(i.HAL_TIM_PWM_PulseFinishedCallback)
    HAL_TIM_PWM_Start                        0x08002659   Thumb Code   238  stm32f4xx_hal_tim.o(i.HAL_TIM_PWM_Start)
    HAL_TIM_PeriodElapsedCallback            0x08002765   Thumb Code  1814  main.o(i.HAL_TIM_PeriodElapsedCallback)
    HAL_TIM_TriggerCallback                  0x08002eb1   Thumb Code     2  stm32f4xx_hal_tim.o(i.HAL_TIM_TriggerCallback)
    HAL_UARTEx_RxEventCallback               0x08002eb3   Thumb Code     2  stm32f4xx_hal_uart.o(i.HAL_UARTEx_RxEventCallback)
    HAL_UART_DMAStop                         0x08002eb5   Thumb Code   138  stm32f4xx_hal_uart.o(i.HAL_UART_DMAStop)
    HAL_UART_ErrorCallback                   0x08002f41   Thumb Code    48  main.o(i.HAL_UART_ErrorCallback)
    HAL_UART_IRQHandler                      0x08002f75   Thumb Code   732  stm32f4xx_hal_uart.o(i.HAL_UART_IRQHandler)
    HAL_UART_Init                            0x08003255   Thumb Code   114  stm32f4xx_hal_uart.o(i.HAL_UART_Init)
    HAL_UART_MspInit                         0x080032c9   Thumb Code  1320  usart.o(i.HAL_UART_MspInit)
    HAL_UART_Receive_DMA                     0x08003809   Thumb Code    66  stm32f4xx_hal_uart.o(i.HAL_UART_Receive_DMA)
    HAL_UART_Receive_IT                      0x0800384b   Thumb Code    66  stm32f4xx_hal_uart.o(i.HAL_UART_Receive_IT)
    HAL_UART_RxCpltCallback                  0x0800388d   Thumb Code    62  main.o(i.HAL_UART_RxCpltCallback)
    HAL_UART_RxHalfCpltCallback              0x080038dd   Thumb Code     2  stm32f4xx_hal_uart.o(i.HAL_UART_RxHalfCpltCallback)
    HAL_UART_Transmit                        0x080038df   Thumb Code   210  stm32f4xx_hal_uart.o(i.HAL_UART_Transmit)
    HAL_UART_Transmit_DMA                    0x080039b1   Thumb Code   160  stm32f4xx_hal_uart.o(i.HAL_UART_Transmit_DMA)
    HAL_UART_TxCpltCallback                  0x08003a5d   Thumb Code     2  stm32f4xx_hal_uart.o(i.HAL_UART_TxCpltCallback)
    HAL_UART_TxHalfCpltCallback              0x08003a5f   Thumb Code     2  stm32f4xx_hal_uart.o(i.HAL_UART_TxHalfCpltCallback)
    HardFault_Handler                        0x08003a61   Thumb Code     4  stm32f4xx_it.o(i.HardFault_Handler)
    K210_Code_begin                          0x08003a65   Thumb Code    62  my_servo.o(i.K210_Code_begin)
    K210_Line_begin                          0x08003aa9   Thumb Code    62  my_servo.o(i.K210_Line_begin)
    K210_line_uart_init                      0x08003aed   Thumb Code    30  k210_line_uart.o(i.K210_line_uart_init)
    K210_uart_init                           0x08003b15   Thumb Code    16  k210_uart.o(i.K210_uart_init)
    K210code_Init                            0x08003b29   Thumb Code   142  bsp_uart.o(i.K210code_Init)
    MCU_Init                                 0x08003bc5   Thumb Code   142  bsp_uart.o(i.MCU_Init)
    MX_DMA_Init                              0x08003c61   Thumb Code   178  dma.o(i.MX_DMA_Init)
    MX_GPIO_Init                             0x08003d19   Thumb Code   372  gpio.o(i.MX_GPIO_Init)
    MX_TIM10_Init                            0x08003ea1   Thumb Code   104  tim.o(i.MX_TIM10_Init)
    MX_TIM11_Init                            0x08003f11   Thumb Code   104  tim.o(i.MX_TIM11_Init)
    MX_TIM1_Init                             0x08003f81   Thumb Code   216  tim.o(i.MX_TIM1_Init)
    MX_TIM3_Init                             0x08004061   Thumb Code   118  tim.o(i.MX_TIM3_Init)
    MX_TIM5_Init                             0x080040e1   Thumb Code   100  tim.o(i.MX_TIM5_Init)
    MX_TIM8_Init                             0x0800414d   Thumb Code   170  tim.o(i.MX_TIM8_Init)
    MX_TIM9_Init                             0x08004201   Thumb Code    90  tim.o(i.MX_TIM9_Init)
    MX_UART4_Init                            0x08004265   Thumb Code    46  usart.o(i.MX_UART4_Init)
    MX_UART5_Init                            0x0800429d   Thumb Code    46  usart.o(i.MX_UART5_Init)
    MX_USART1_UART_Init                      0x080042d5   Thumb Code    46  usart.o(i.MX_USART1_UART_Init)
    MX_USART2_UART_Init                      0x0800430d   Thumb Code    46  usart.o(i.MX_USART2_UART_Init)
    MX_USART3_UART_Init                      0x08004345   Thumb Code    46  usart.o(i.MX_USART3_UART_Init)
    MX_USART6_UART_Init                      0x0800437d   Thumb Code    46  usart.o(i.MX_USART6_UART_Init)
    MemManage_Handler                        0x080043b5   Thumb Code     4  stm32f4xx_it.o(i.MemManage_Handler)
    Move_LEFT_Min_Filter                     0x080043b9   Thumb Code    86  user_lib.o(i.Move_LEFT_Min_Filter)
    Move_Min_Filter                          0x08004419   Thumb Code    86  user_lib.o(i.Move_Min_Filter)
    NMI_Handler                              0x08004479   Thumb Code     4  stm32f4xx_it.o(i.NMI_Handler)
    PID_CREATE                               0x0800447d   Thumb Code   116  mcnamu_wheel_drive.o(i.PID_CREATE)
    PendSV_Handler                           0x080044f5   Thumb Code     2  stm32f4xx_it.o(i.PendSV_Handler)
    QF_BW                                    0x080044f9   Thumb Code   548  qfsm_user.o(i.QF_BW)
    QF_Catch                                 0x08004785   Thumb Code   474  qfsm_user.o(i.QF_Catch)
    QF_FW                                    0x080049a9   Thumb Code   580  qfsm_user.o(i.QF_FW)
    QF_Find_bridge                           0x08004c5d   Thumb Code  1198  qfsm_user.o(i.QF_Find_bridge)
    QF_Find_put                              0x0800511d   Thumb Code  1120  qfsm_user.o(i.QF_Find_put)
    QF_GetCode                               0x08005581   Thumb Code  1406  qfsm_user.o(i.QF_GetCode)
    QF_Get_number                            0x08005b25   Thumb Code   244  qfsm_user.o(i.QF_Get_number)
    QF_LW                                    0x08005c49   Thumb Code   508  qfsm_user.o(i.QF_LW)
    QF_MID                                   0x08005ec1   Thumb Code   688  qfsm_user.o(i.QF_MID)
    QF_Put1                                  0x080061d9   Thumb Code   930  qfsm_user.o(i.QF_Put1)
    QF_Put_bridge                            0x080065c1   Thumb Code   592  qfsm_user.o(i.QF_Put_bridge)
    QF_Put_end                               0x08006859   Thumb Code   532  qfsm_user.o(i.QF_Put_end)
    QF_RW                                    0x08006ab1   Thumb Code   502  qfsm_user.o(i.QF_RW)
    QF_Return                                0x08006d11   Thumb Code   360  qfsm_user.o(i.QF_Return)
    QF_TL                                    0x08006eb1   Thumb Code   798  qfsm_user.o(i.QF_TL)
    QF_TM                                    0x08007245   Thumb Code   280  qfsm_user.o(i.QF_TM)
    QF_TR                                    0x080073b1   Thumb Code   926  qfsm_user.o(i.QF_TR)
    QF_TakeSite                              0x080077d1   Thumb Code   290  qfsm_user.o(i.QF_TakeSite)
    QFsm_dispatch                            0x08007925   Thumb Code    42  qfsm_dis.o(i.QFsm_dispatch)
    QFsm_init                                0x08007955   Thumb Code    24  qfsm_ini.o(i.QFsm_init)
    SVC_Handler                              0x08007971   Thumb Code     2  stm32f4xx_it.o(i.SVC_Handler)
    Servo_Pwm                                0x08007975   Thumb Code   322  my_servo.o(i.Servo_Pwm)
    Set_Pwm                                  0x08007ad5   Thumb Code    60  mcnamu_wheel_drive.o(i.Set_Pwm)
    Speed_Calculation                        0x08007b11   Thumb Code   984  mcnamu_wheel_drive.o(i.Speed_Calculation)
    SysTick_Handler                          0x08007f0d   Thumb Code     8  stm32f4xx_it.o(i.SysTick_Handler)
    SystemClock_Config                       0x08007f15   Thumb Code   166  main.o(i.SystemClock_Config)
    SystemInit                               0x08007fc5   Thumb Code    14  system_stm32f4xx.o(i.SystemInit)
    System_Init                              0x08007fd9   Thumb Code    30  sys.o(i.System_Init)
    TIM5_IRQHandler                          0x08008005   Thumb Code    10  stm32f4xx_it.o(i.TIM5_IRQHandler)
    TIM_Base_SetConfig                       0x08008015   Thumb Code   170  stm32f4xx_hal_tim.o(i.TIM_Base_SetConfig)
    TIM_CCxChannelCmd                        0x080080ed   Thumb Code    34  stm32f4xx_hal_tim.o(i.TIM_CCxChannelCmd)
    TIM_ETR_SetConfig                        0x0800810f   Thumb Code    22  stm32f4xx_hal_tim.o(i.TIM_ETR_SetConfig)
    TIM_OC2_SetConfig                        0x080081a9   Thumb Code   114  stm32f4xx_hal_tim.o(i.TIM_OC2_SetConfig)
    UART4_IRQHandler                         0x08008341   Thumb Code   134  stm32f4xx_it.o(i.UART4_IRQHandler)
    UART5_IRQHandler                         0x080083d5   Thumb Code    10  stm32f4xx_it.o(i.UART5_IRQHandler)
    UART_Start_Receive_DMA                   0x08008955   Thumb Code   196  stm32f4xx_hal_uart.o(i.UART_Start_Receive_DMA)
    UART_Start_Receive_IT                    0x08008a25   Thumb Code    74  stm32f4xx_hal_uart.o(i.UART_Start_Receive_IT)
    USART1_IRQHandler                        0x08008b61   Thumb Code   268  k210_uart.o(i.USART1_IRQHandler)
    USART2_IRQHandler                        0x08008c8d   Thumb Code    72  k210_line_uart.o(i.USART2_IRQHandler)
    USART3_IRQHandler                        0x08008ce1   Thumb Code   264  mpu.o(i.USART3_IRQHandler)
    USART6_IRQHandler                        0x08008e05   Thumb Code   134  stm32f4xx_it.o(i.USART6_IRQHandler)
    UsageFault_Handler                       0x08008e99   Thumb Code     4  stm32f4xx_it.o(i.UsageFault_Handler)
    __0printf$1                              0x08008e9d   Thumb Code    22  printf1.o(i.__0printf$1)
    __1printf$1                              0x08008e9d   Thumb Code     0  printf1.o(i.__0printf$1)
    __2printf                                0x08008e9d   Thumb Code     0  printf1.o(i.__0printf$1)
    __hardfp_fabs                            0x08008ef5   Thumb Code    20  fabs.o(i.__hardfp_fabs)
    __scatterload_copy                       0x08008f09   Thumb Code    14  handlers.o(i.__scatterload_copy)
    __scatterload_null                       0x08008f17   Thumb Code     2  handlers.o(i.__scatterload_null)
    __scatterload_zeroinit                   0x08008f19   Thumb Code    14  handlers.o(i.__scatterload_zeroinit)
    catch1_1                                 0x0800907d   Thumb Code   192  my_servo.o(i.catch1_1)
    catch1_2                                 0x0800913d   Thumb Code   172  my_servo.o(i.catch1_2)
    catch1_3                                 0x080091e9   Thumb Code   192  my_servo.o(i.catch1_3)
    catch2_1                                 0x080092a9   Thumb Code   132  my_servo.o(i.catch2_1)
    catch2_2                                 0x0800932d   Thumb Code   112  my_servo.o(i.catch2_2)
    catch2_3                                 0x0800939d   Thumb Code   112  my_servo.o(i.catch2_3)
    catch_brige1                             0x0800940d   Thumb Code   112  my_servo.o(i.catch_brige1)
    catch_brige2                             0x0800947d   Thumb Code   132  my_servo.o(i.catch_brige2)
    catch_brige3                             0x08009501   Thumb Code   132  my_servo.o(i.catch_brige3)
    catch_carsite0                           0x08009585   Thumb Code   130  my_servo.o(i.catch_carsite0)
    catch_carsite1                           0x08009607   Thumb Code   110  my_servo.o(i.catch_carsite1)
    catch_carsite2                           0x08009675   Thumb Code   130  my_servo.o(i.catch_carsite2)
    compare_int                              0x080096f7   Thumb Code    10  user_lib.o(i.compare_int)
    end_put_1_1                              0x08009701   Thumb Code   152  my_servo.o(i.end_put_1_1)
    end_put_1_2                              0x08009799   Thumb Code   132  my_servo.o(i.end_put_1_2)
    end_put_1_3                              0x0800981d   Thumb Code   152  my_servo.o(i.end_put_1_3)
    end_put_2_1                              0x080098b5   Thumb Code   132  my_servo.o(i.end_put_2_1)
    end_put_2_2                              0x08009939   Thumb Code   132  my_servo.o(i.end_put_2_2)
    end_put_2_3                              0x080099bd   Thumb Code   132  my_servo.o(i.end_put_2_3)
    fputc                                    0x08009a41   Thumb Code    26  main.o(i.fputc)
    get_BACK_LED                             0x08009a61   Thumb Code    88  get_led.o(i.get_BACK_LED)
    get_HEAD_LED                             0x08009abd   Thumb Code    72  get_led.o(i.get_HEAD_LED)
    get_LEFT_LED                             0x08009b09   Thumb Code    96  get_led.o(i.get_LEFT_LED)
    get_RIGHT_LED                            0x08009b71   Thumb Code   100  get_led.o(i.get_RIGHT_LED)
    init_bias                                0x08009bd9   Thumb Code    12  maps.o(i.init_bias)
    init_maps                                0x08009bed   Thumb Code    12  maps.o(i.init_maps)
    loop_fp32_constrain                      0x08009c01   Thumb Code    96  user_lib.o(i.loop_fp32_constrain)
    main                                     0x08009c61   Thumb Code   270  main.o(i.main)
    mpuInit                                  0x08009dad   Thumb Code    64  mpu.o(i.mpuInit)
    mpu_control_init                         0x08009dfd   Thumb Code    16  mpu.o(i.mpu_control_init)
    mpureturnzero                            0x08009e11   Thumb Code    64  mpu.o(i.mpureturnzero)
    pid_solve                                0x08009e61   Thumb Code   636  mcnamu_wheel_drive.o(i.pid_solve)
    put_brige1                               0x0800a0e5   Thumb Code   112  my_servo.o(i.put_brige1)
    put_brige2                               0x0800a155   Thumb Code   112  my_servo.o(i.put_brige2)
    put_brige3                               0x0800a1c5   Thumb Code   112  my_servo.o(i.put_brige3)
    put_carsite0                             0x0800a235   Thumb Code    90  my_servo.o(i.put_carsite0)
    put_carsite1                             0x0800a28f   Thumb Code   110  my_servo.o(i.put_carsite1)
    put_carsite2                             0x0800a2fd   Thumb Code   110  my_servo.o(i.put_carsite2)
    qfsm_temp                                0x0800a36b   Thumb Code     8  sys.o(i.qfsm_temp)
    ramp_init                                0x0800a375   Thumb Code    40  user_lib.o(i.ramp_init)
    speed2pwm                                0x0800a45d   Thumb Code   222  mcnamu_wheel_drive.o(i.speed2pwm)
    subs2k210                                0x0800a55d   Thumb Code    12  my_servo.o(i.subs2k210)
    theta_format                             0x0800a569   Thumb Code    24  user_lib.o(i.theta_format)
    wheel_BL_speed_set                       0x0800a815   Thumb Code   100  mcnamu_wheel_drive.o(i.wheel_BL_speed_set)
    wheel_BR_speed_set                       0x0800a87d   Thumb Code   100  mcnamu_wheel_drive.o(i.wheel_BR_speed_set)
    wheel_HL_speed_set                       0x0800a8e5   Thumb Code   100  mcnamu_wheel_drive.o(i.wheel_HL_speed_set)
    wheel_HR_speed_set                       0x0800a94d   Thumb Code    88  mcnamu_wheel_drive.o(i.wheel_HR_speed_set)
    AHBPrescTable                            0x0800a9b0   Data          16  system_stm32f4xx.o(.constdata)
    APBPrescTable                            0x0800a9c0   Data           8  system_stm32f4xx.o(.constdata)
    ARRPSC                                   0x0800a9c8   Data        5124  mcnamu_wheel_drive.o(.constdata)
    QEP_reservedEvt_                         0x0800bdcc   Data          52  sys.o(.constdata)
    Region$$Table$$Base                      0x0800be00   Number         0  anon$$obj.o(Region$$Table)
    Region$$Table$$Limit                     0x0800be20   Number         0  anon$$obj.o(Region$$Table)
    car_state                                0x20000000   Data           4  main.o(.data)
    car_signal                               0x20000004   Data           2  main.o(.data)
    car                                      0x20000006   Data           3  main.o(.data)
    movex                                    0x2000000c   Data           4  main.o(.data)
    movey                                    0x20000010   Data           4  main.o(.data)
    movez                                    0x20000014   Data           4  main.o(.data)
    head_led                                 0x20000018   Data           1  main.o(.data)
    back_led                                 0x20000019   Data           1  main.o(.data)
    left_led                                 0x2000001a   Data           1  main.o(.data)
    right_led                                0x2000001b   Data           1  main.o(.data)
    flag_move                                0x2000001c   Data           1  main.o(.data)
    flag_site                                0x2000001d   Data           1  main.o(.data)
    head_bias                                0x20000020   Data           4  main.o(.data)
    left_bias                                0x20000024   Data           4  main.o(.data)
    debugprintmode                           0x20000028   Data           4  main.o(.data)
    rx_buff                                  0x2000002c   Data           1  main.o(.data)
    Z_get                                    0x2000002d   Data           3  main.o(.data)
    uart_head                                0x20000030   Data           4  main.o(.data)
    uart_left                                0x20000034   Data           4  main.o(.data)
    yaw_expect                               0x20000038   Data           4  main.o(.data)
    yaw                                      0x2000003c   Data           4  main.o(.data)
    GY                                       0x20000040   Data           4  main.o(.data)
    YawH                                     0x20000044   Data           1  main.o(.data)
    YawL                                     0x20000045   Data           1  main.o(.data)
    WyL                                      0x20000046   Data           1  main.o(.data)
    WyH                                      0x20000047   Data           1  main.o(.data)
    piancha                                  0x20000048   Data           1  main.o(.data)
    tim_cnt_20                               0x2000004a   Data           2  main.o(.data)
    tim_cnt_15                               0x2000004c   Data           2  main.o(.data)
    tim_cnt_10                               0x2000004e   Data           2  main.o(.data)
    text                                     0x20000050   Data           2  main.o(.data)
    uwTick                                   0x20000054   Data           4  stm32f4xx_hal.o(.data)
    uwTickPrio                               0x20000058   Data           4  stm32f4xx_hal.o(.data)
    uwTickFreq                               0x2000005c   Data           1  stm32f4xx_hal.o(.data)
    SystemCoreClock                          0x20000060   Data           4  system_stm32f4xx.o(.data)
    uart_re                                  0x20000086   Data           5  maps.o(.data)
    __stdout                                 0x20000098   Data           4  stdout.o(.data)
    target                                   0x200000a0   Data          96  main.o(.bss)
    Move_Z_pid                               0x20000100   Data          96  main.o(.bss)
    Head_Z_pid                               0x20000160   Data          96  main.o(.bss)
    Left_Z_pid                               0x200001c0   Data          96  main.o(.bss)
    K210x_pid                                0x20000220   Data          96  main.o(.bss)
    K210y_pid                                0x20000280   Data          96  main.o(.bss)
    K210z_pid                                0x200002e0   Data          96  main.o(.bss)
    uartRecData                              0x20000340   Data          22  main.o(.bss)
    seveo                                    0x20000356   Data          10  main.o(.bss)
    uart_seveo                               0x20000360   Data           9  main.o(.bss)
    uart_code                                0x20000369   Data          13  main.o(.bss)
    uart_color                               0x20000376   Data          12  main.o(.bss)
    uart_K210                                0x20000384   Data          20  main.o(.bss)
    htim1                                    0x20000398   Data          72  tim.o(.bss)
    htim3                                    0x200003e0   Data          72  tim.o(.bss)
    htim5                                    0x20000428   Data          72  tim.o(.bss)
    htim8                                    0x20000470   Data          72  tim.o(.bss)
    htim9                                    0x200004b8   Data          72  tim.o(.bss)
    htim10                                   0x20000500   Data          72  tim.o(.bss)
    htim11                                   0x20000548   Data          72  tim.o(.bss)
    huart4                                   0x20000590   Data          68  usart.o(.bss)
    huart5                                   0x200005d4   Data          68  usart.o(.bss)
    huart1                                   0x20000618   Data          68  usart.o(.bss)
    huart2                                   0x2000065c   Data          68  usart.o(.bss)
    huart3                                   0x200006a0   Data          68  usart.o(.bss)
    huart6                                   0x200006e4   Data          68  usart.o(.bss)
    hdma_uart4_rx                            0x20000728   Data          96  usart.o(.bss)
    hdma_uart4_tx                            0x20000788   Data          96  usart.o(.bss)
    hdma_usart1_rx                           0x200007e8   Data          96  usart.o(.bss)
    hdma_usart2_rx                           0x20000848   Data          96  usart.o(.bss)
    hdma_usart3_rx                           0x200008a8   Data          96  usart.o(.bss)
    hdma_usart6_rx                           0x20000908   Data          96  usart.o(.bss)
    hdma_usart6_tx                           0x20000968   Data          96  usart.o(.bss)
    mpu_crtl                                 0x20000a20   Data          12  mpu.o(.bss)
    rx_buffer                                0x20000b68   Data          18  k210_line_uart.o(.bss)
    map                                      0x20000b7c   Data         152  maps.o(.bss)
    B_number                                 0x20000c14   Data          32  maps.o(.bss)
    B_k210                                   0x20000c34   Data          84  maps.o(.bss)
    __initial_sp                             0x20001088   Data           0  startup_stm32f407xx.o(STACK)



==============================================================================

Memory Map of the image

  Image Entry point : 0x08000189

  Load Region LR_IROM1 (Base: 0x08000000, Size: 0x0000bebc, Max: 0x00100000, ABSOLUTE)

    Execution Region ER_IROM1 (Exec base: 0x08000000, Load base: 0x08000000, Size: 0x0000be20, Max: 0x00100000, ABSOLUTE)

    Exec Addr    Load Addr    Size         Type   Attr      Idx    E Section Name        Object

    0x08000000   0x08000000   0x00000188   Data   RO            3    RESET               startup_stm32f407xx.o
    0x08000188   0x08000188   0x00000000   Code   RO         4519  * .ARM.Collect$$$$00000000  mc_w.l(entry.o)
    0x08000188   0x08000188   0x00000004   Code   RO         4811    .ARM.Collect$$$$00000001  mc_w.l(entry2.o)
    0x0800018c   0x0800018c   0x00000004   Code   RO         4814    .ARM.Collect$$$$00000004  mc_w.l(entry5.o)
    0x08000190   0x08000190   0x00000000   Code   RO         4816    .ARM.Collect$$$$00000008  mc_w.l(entry7b.o)
    0x08000190   0x08000190   0x00000000   Code   RO         4818    .ARM.Collect$$$$0000000A  mc_w.l(entry8b.o)
    0x08000190   0x08000190   0x00000008   Code   RO         4819    .ARM.Collect$$$$0000000B  mc_w.l(entry9a.o)
    0x08000198   0x08000198   0x00000004   Code   RO         4826    .ARM.Collect$$$$0000000E  mc_w.l(entry12b.o)
    0x0800019c   0x0800019c   0x00000000   Code   RO         4821    .ARM.Collect$$$$0000000F  mc_w.l(entry10a.o)
    0x0800019c   0x0800019c   0x00000000   Code   RO         4823    .ARM.Collect$$$$00000011  mc_w.l(entry11a.o)
    0x0800019c   0x0800019c   0x00000004   Code   RO         4812    .ARM.Collect$$$$00002712  mc_w.l(entry2.o)
    0x080001a0   0x080001a0   0x00000024   Code   RO            4    .text               startup_stm32f407xx.o
    0x080001c4   0x080001c4   0x00000062   Code   RO         4522    .text               mc_w.l(uldiv.o)
    0x08000226   0x08000226   0x0000009c   Code   RO         4524    .text               mc_w.l(qsort.o)
    0x080002c2   0x080002c2   0x00000024   Code   RO         4526    .text               mc_w.l(memcpya.o)
    0x080002e6   0x080002e6   0x00000024   Code   RO         4528    .text               mc_w.l(memseta.o)
    0x0800030a   0x0800030a   0x0000014e   Code   RO         4793    .text               mf_w.l(dadd.o)
    0x08000458   0x08000458   0x000000e4   Code   RO         4795    .text               mf_w.l(dmul.o)
    0x0800053c   0x0800053c   0x000000de   Code   RO         4797    .text               mf_w.l(ddiv.o)
    0x0800061a   0x0800061a   0x00000022   Code   RO         4801    .text               mf_w.l(dflti.o)
    0x0800063c   0x0800063c   0x00000026   Code   RO         4803    .text               mf_w.l(f2d.o)
    0x08000662   0x08000662   0x00000002   PAD
    0x08000664   0x08000664   0x00000030   Code   RO         4805    .text               mf_w.l(cdcmple.o)
    0x08000694   0x08000694   0x00000030   Code   RO         4807    .text               mf_w.l(cdrcmple.o)
    0x080006c4   0x080006c4   0x00000038   Code   RO         4809    .text               mf_w.l(d2f.o)
    0x080006fc   0x080006fc   0x0000002c   Code   RO         4828    .text               mc_w.l(uidiv.o)
    0x08000728   0x08000728   0x0000001e   Code   RO         4830    .text               mc_w.l(llshl.o)
    0x08000746   0x08000746   0x00000020   Code   RO         4832    .text               mc_w.l(llushr.o)
    0x08000766   0x08000766   0x00000024   Code   RO         4834    .text               mc_w.l(llsshr.o)
    0x0800078a   0x0800078a   0x00000000   Code   RO         4836    .text               mc_w.l(iusefp.o)
    0x0800078a   0x0800078a   0x0000006e   Code   RO         4837    .text               mf_w.l(fepilogue.o)
    0x080007f8   0x080007f8   0x000000ba   Code   RO         4839    .text               mf_w.l(depilogue.o)
    0x080008b2   0x080008b2   0x00000002   PAD
    0x080008b4   0x080008b4   0x00000024   Code   RO         4843    .text               mc_w.l(init.o)
    0x080008d8   0x080008d8   0x00000004   Code   RO          466    i.BusFault_Handler  stm32f4xx_it.o
    0x080008dc   0x080008dc   0x00000010   Code   RO         3943    i.Car_initial       qfsm_user.o
    0x080008ec   0x080008ec   0x00000010   Code   RO          467    i.DMA1_Stream1_IRQHandler  stm32f4xx_it.o
    0x080008fc   0x080008fc   0x00000010   Code   RO          468    i.DMA1_Stream2_IRQHandler  stm32f4xx_it.o
    0x0800090c   0x0800090c   0x00000010   Code   RO          469    i.DMA1_Stream4_IRQHandler  stm32f4xx_it.o
    0x0800091c   0x0800091c   0x00000010   Code   RO          470    i.DMA1_Stream5_IRQHandler  stm32f4xx_it.o
    0x0800092c   0x0800092c   0x00000010   Code   RO          471    i.DMA2_Stream1_IRQHandler  stm32f4xx_it.o
    0x0800093c   0x0800093c   0x00000010   Code   RO          472    i.DMA2_Stream2_IRQHandler  stm32f4xx_it.o
    0x0800094c   0x0800094c   0x00000010   Code   RO          473    i.DMA2_Stream6_IRQHandler  stm32f4xx_it.o
    0x0800095c   0x0800095c   0x00000034   Code   RO         2207    i.DMA_CalcBaseAndBitshift  stm32f4xx_hal_dma.o
    0x08000990   0x08000990   0x000000aa   Code   RO         2208    i.DMA_CheckFifoParam  stm32f4xx_hal_dma.o
    0x08000a3a   0x08000a3a   0x0000002c   Code   RO         2209    i.DMA_SetConfig     stm32f4xx_hal_dma.o
    0x08000a66   0x08000a66   0x00000002   Code   RO          474    i.DebugMon_Handler  stm32f4xx_it.o
    0x08000a68   0x08000a68   0x00000278   Code   RO         3289    i.Drive_init        mcnamu_wheel_drive.o
    0x08000ce0   0x08000ce0   0x00000006   Code   RO           13    i.Error_Handler     main.o
    0x08000ce6   0x08000ce6   0x000000ac   Code   RO         2210    i.HAL_DMA_Abort     stm32f4xx_hal_dma.o
    0x08000d92   0x08000d92   0x00000028   Code   RO         2211    i.HAL_DMA_Abort_IT  stm32f4xx_hal_dma.o
    0x08000dba   0x08000dba   0x00000002   PAD
    0x08000dbc   0x08000dbc   0x00000240   Code   RO         2215    i.HAL_DMA_IRQHandler  stm32f4xx_hal_dma.o
    0x08000ffc   0x08000ffc   0x000000ec   Code   RO         2216    i.HAL_DMA_Init      stm32f4xx_hal_dma.o
    0x080010e8   0x080010e8   0x00000092   Code   RO         2220    i.HAL_DMA_Start_IT  stm32f4xx_hal_dma.o
    0x0800117a   0x0800117a   0x00000002   PAD
    0x0800117c   0x0800117c   0x00000028   Code   RO         2634    i.HAL_Delay         stm32f4xx_hal.o
    0x080011a4   0x080011a4   0x000001f4   Code   RO         2103    i.HAL_GPIO_Init     stm32f4xx_hal_gpio.o
    0x08001398   0x08001398   0x00000010   Code   RO         2105    i.HAL_GPIO_ReadPin  stm32f4xx_hal_gpio.o
    0x080013a8   0x080013a8   0x00000014   Code   RO         2106    i.HAL_GPIO_TogglePin  stm32f4xx_hal_gpio.o
    0x080013bc   0x080013bc   0x0000000c   Code   RO         2107    i.HAL_GPIO_WritePin  stm32f4xx_hal_gpio.o
    0x080013c8   0x080013c8   0x0000000c   Code   RO         2640    i.HAL_GetTick       stm32f4xx_hal.o
    0x080013d4   0x080013d4   0x00000018   Code   RO         2646    i.HAL_IncTick       stm32f4xx_hal.o
    0x080013ec   0x080013ec   0x0000003c   Code   RO         2647    i.HAL_Init          stm32f4xx_hal.o
    0x08001428   0x08001428   0x0000004c   Code   RO         2648    i.HAL_InitTick      stm32f4xx_hal.o
    0x08001474   0x08001474   0x00000048   Code   RO          608    i.HAL_MspInit       stm32f4xx_hal_msp.o
    0x080014bc   0x080014bc   0x00000020   Code   RO         2492    i.HAL_NVIC_EnableIRQ  stm32f4xx_hal_cortex.o
    0x080014dc   0x080014dc   0x0000007c   Code   RO         2498    i.HAL_NVIC_SetPriority  stm32f4xx_hal_cortex.o
    0x08001558   0x08001558   0x00000028   Code   RO         2499    i.HAL_NVIC_SetPriorityGrouping  stm32f4xx_hal_cortex.o
    0x08001580   0x08001580   0x00000184   Code   RO         1704    i.HAL_RCC_ClockConfig  stm32f4xx_hal_rcc.o
    0x08001704   0x08001704   0x0000000c   Code   RO         1709    i.HAL_RCC_GetHCLKFreq  stm32f4xx_hal_rcc.o
    0x08001710   0x08001710   0x00000020   Code   RO         1711    i.HAL_RCC_GetPCLK1Freq  stm32f4xx_hal_rcc.o
    0x08001730   0x08001730   0x00000020   Code   RO         1712    i.HAL_RCC_GetPCLK2Freq  stm32f4xx_hal_rcc.o
    0x08001750   0x08001750   0x000000b0   Code   RO         1713    i.HAL_RCC_GetSysClockFreq  stm32f4xx_hal_rcc.o
    0x08001800   0x08001800   0x0000049c   Code   RO         1716    i.HAL_RCC_OscConfig  stm32f4xx_hal_rcc.o
    0x08001c9c   0x08001c9c   0x00000034   Code   RO         2503    i.HAL_SYSTICK_Config  stm32f4xx_hal_cortex.o
    0x08001cd0   0x08001cd0   0x00000002   Code   RO         1436    i.HAL_TIMEx_BreakCallback  stm32f4xx_hal_tim_ex.o
    0x08001cd2   0x08001cd2   0x00000002   Code   RO         1437    i.HAL_TIMEx_CommutCallback  stm32f4xx_hal_tim_ex.o
    0x08001cd4   0x08001cd4   0x00000074   Code   RO         1439    i.HAL_TIMEx_ConfigBreakDeadTime  stm32f4xx_hal_tim_ex.o
    0x08001d48   0x08001d48   0x000000b4   Code   RO         1455    i.HAL_TIMEx_MasterConfigSynchronization  stm32f4xx_hal_tim_ex.o
    0x08001dfc   0x08001dfc   0x00000066   Code   RO          634    i.HAL_TIM_Base_Init  stm32f4xx_hal_tim.o
    0x08001e62   0x08001e62   0x00000002   PAD
    0x08001e64   0x08001e64   0x000000a8   Code   RO          299    i.HAL_TIM_Base_MspInit  tim.o
    0x08001f0c   0x08001f0c   0x000000a8   Code   RO          639    i.HAL_TIM_Base_Start_IT  stm32f4xx_hal_tim.o
    0x08001fb4   0x08001fb4   0x0000010c   Code   RO          643    i.HAL_TIM_ConfigClockSource  stm32f4xx_hal_tim.o
    0x080020c0   0x080020c0   0x00000002   Code   RO          668    i.HAL_TIM_IC_CaptureCallback  stm32f4xx_hal_tim.o
    0x080020c2   0x080020c2   0x00000196   Code   RO          682    i.HAL_TIM_IRQHandler  stm32f4xx_hal_tim.o
    0x08002258   0x08002258   0x000001d4   Code   RO          300    i.HAL_TIM_MspPostInit  tim.o
    0x0800242c   0x0800242c   0x00000002   Code   RO          685    i.HAL_TIM_OC_DelayElapsedCallback  stm32f4xx_hal_tim.o
    0x0800242e   0x0800242e   0x00000104   Code   RO          706    i.HAL_TIM_PWM_ConfigChannel  stm32f4xx_hal_tim.o
    0x08002532   0x08002532   0x00000066   Code   RO          709    i.HAL_TIM_PWM_Init  stm32f4xx_hal_tim.o
    0x08002598   0x08002598   0x000000bc   Code   RO          302    i.HAL_TIM_PWM_MspInit  tim.o
    0x08002654   0x08002654   0x00000002   Code   RO          712    i.HAL_TIM_PWM_PulseFinishedCallback  stm32f4xx_hal_tim.o
    0x08002656   0x08002656   0x00000002   PAD
    0x08002658   0x08002658   0x0000010c   Code   RO          714    i.HAL_TIM_PWM_Start  stm32f4xx_hal_tim.o
    0x08002764   0x08002764   0x0000074c   Code   RO           14    i.HAL_TIM_PeriodElapsedCallback  main.o
    0x08002eb0   0x08002eb0   0x00000002   Code   RO          725    i.HAL_TIM_TriggerCallback  stm32f4xx_hal_tim.o
    0x08002eb2   0x08002eb2   0x00000002   Code   RO         2896    i.HAL_UARTEx_RxEventCallback  stm32f4xx_hal_uart.o
    0x08002eb4   0x08002eb4   0x0000008a   Code   RO         2908    i.HAL_UART_DMAStop  stm32f4xx_hal_uart.o
    0x08002f3e   0x08002f3e   0x00000002   PAD
    0x08002f40   0x08002f40   0x00000034   Code   RO           15    i.HAL_UART_ErrorCallback  main.o
    0x08002f74   0x08002f74   0x000002e0   Code   RO         2913    i.HAL_UART_IRQHandler  stm32f4xx_hal_uart.o
    0x08003254   0x08003254   0x00000072   Code   RO         2914    i.HAL_UART_Init     stm32f4xx_hal_uart.o
    0x080032c6   0x080032c6   0x00000002   PAD
    0x080032c8   0x080032c8   0x00000540   Code   RO          395    i.HAL_UART_MspInit  usart.o
    0x08003808   0x08003808   0x00000042   Code   RO         2918    i.HAL_UART_Receive_DMA  stm32f4xx_hal_uart.o
    0x0800384a   0x0800384a   0x00000042   Code   RO         2919    i.HAL_UART_Receive_IT  stm32f4xx_hal_uart.o
    0x0800388c   0x0800388c   0x00000050   Code   RO           16    i.HAL_UART_RxCpltCallback  main.o
    0x080038dc   0x080038dc   0x00000002   Code   RO         2921    i.HAL_UART_RxHalfCpltCallback  stm32f4xx_hal_uart.o
    0x080038de   0x080038de   0x000000d2   Code   RO         2922    i.HAL_UART_Transmit  stm32f4xx_hal_uart.o
    0x080039b0   0x080039b0   0x000000ac   Code   RO         2923    i.HAL_UART_Transmit_DMA  stm32f4xx_hal_uart.o
    0x08003a5c   0x08003a5c   0x00000002   Code   RO         2925    i.HAL_UART_TxCpltCallback  stm32f4xx_hal_uart.o
    0x08003a5e   0x08003a5e   0x00000002   Code   RO         2926    i.HAL_UART_TxHalfCpltCallback  stm32f4xx_hal_uart.o
    0x08003a60   0x08003a60   0x00000004   Code   RO          475    i.HardFault_Handler  stm32f4xx_it.o
    0x08003a64   0x08003a64   0x00000044   Code   RO         4278    i.K210_Code_begin   my_servo.o
    0x08003aa8   0x08003aa8   0x00000044   Code   RO         4279    i.K210_Line_begin   my_servo.o
    0x08003aec   0x08003aec   0x00000028   Code   RO         3844    i.K210_line_uart_init  k210_line_uart.o
    0x08003b14   0x08003b14   0x00000014   Code   RO         3802    i.K210_uart_init    k210_uart.o
    0x08003b28   0x08003b28   0x0000009c   Code   RO         3660    i.K210code_Init     bsp_uart.o
    0x08003bc4   0x08003bc4   0x0000009c   Code   RO         3662    i.MCU_Init          bsp_uart.o
    0x08003c60   0x08003c60   0x000000b8   Code   RO          274    i.MX_DMA_Init       dma.o
    0x08003d18   0x08003d18   0x00000188   Code   RO          246    i.MX_GPIO_Init      gpio.o
    0x08003ea0   0x08003ea0   0x00000070   Code   RO          303    i.MX_TIM10_Init     tim.o
    0x08003f10   0x08003f10   0x00000070   Code   RO          304    i.MX_TIM11_Init     tim.o
    0x08003f80   0x08003f80   0x000000e0   Code   RO          305    i.MX_TIM1_Init      tim.o
    0x08004060   0x08004060   0x00000080   Code   RO          306    i.MX_TIM3_Init      tim.o
    0x080040e0   0x080040e0   0x0000006c   Code   RO          307    i.MX_TIM5_Init      tim.o
    0x0800414c   0x0800414c   0x000000b4   Code   RO          308    i.MX_TIM8_Init      tim.o
    0x08004200   0x08004200   0x00000064   Code   RO          309    i.MX_TIM9_Init      tim.o
    0x08004264   0x08004264   0x00000038   Code   RO          396    i.MX_UART4_Init     usart.o
    0x0800429c   0x0800429c   0x00000038   Code   RO          397    i.MX_UART5_Init     usart.o
    0x080042d4   0x080042d4   0x00000038   Code   RO          398    i.MX_USART1_UART_Init  usart.o
    0x0800430c   0x0800430c   0x00000038   Code   RO          399    i.MX_USART2_UART_Init  usart.o
    0x08004344   0x08004344   0x00000038   Code   RO          400    i.MX_USART3_UART_Init  usart.o
    0x0800437c   0x0800437c   0x00000038   Code   RO          401    i.MX_USART6_UART_Init  usart.o
    0x080043b4   0x080043b4   0x00000004   Code   RO          476    i.MemManage_Handler  stm32f4xx_it.o
    0x080043b8   0x080043b8   0x00000060   Code   RO         3516    i.Move_LEFT_Min_Filter  user_lib.o
    0x08004418   0x08004418   0x00000060   Code   RO         3517    i.Move_Min_Filter   user_lib.o
    0x08004478   0x08004478   0x00000004   Code   RO          477    i.NMI_Handler       stm32f4xx_it.o
    0x0800447c   0x0800447c   0x00000078   Code   RO         3292    i.PID_CREATE        mcnamu_wheel_drive.o
    0x080044f4   0x080044f4   0x00000002   Code   RO          478    i.PendSV_Handler    stm32f4xx_it.o
    0x080044f6   0x080044f6   0x00000002   PAD
    0x080044f8   0x080044f8   0x0000028c   Code   RO         3944    i.QF_BW             qfsm_user.o
    0x08004784   0x08004784   0x00000224   Code   RO         3945    i.QF_Catch          qfsm_user.o
    0x080049a8   0x080049a8   0x000002b4   Code   RO         3946    i.QF_FW             qfsm_user.o
    0x08004c5c   0x08004c5c   0x000004c0   Code   RO         3947    i.QF_Find_bridge    qfsm_user.o
    0x0800511c   0x0800511c   0x00000464   Code   RO         3948    i.QF_Find_put       qfsm_user.o
    0x08005580   0x08005580   0x000005a4   Code   RO         3949    i.QF_GetCode        qfsm_user.o
    0x08005b24   0x08005b24   0x00000124   Code   RO         3950    i.QF_Get_number     qfsm_user.o
    0x08005c48   0x08005c48   0x00000278   Code   RO         3951    i.QF_LW             qfsm_user.o
    0x08005ec0   0x08005ec0   0x00000318   Code   RO         3952    i.QF_MID            qfsm_user.o
    0x080061d8   0x080061d8   0x000003e8   Code   RO         3953    i.QF_Put1           qfsm_user.o
    0x080065c0   0x080065c0   0x00000298   Code   RO         3954    i.QF_Put_bridge     qfsm_user.o
    0x08006858   0x08006858   0x00000258   Code   RO         3955    i.QF_Put_end        qfsm_user.o
    0x08006ab0   0x08006ab0   0x00000260   Code   RO         3956    i.QF_RW             qfsm_user.o
    0x08006d10   0x08006d10   0x000001a0   Code   RO         3957    i.QF_Return         qfsm_user.o
    0x08006eb0   0x08006eb0   0x00000394   Code   RO         3958    i.QF_TL             qfsm_user.o
    0x08007244   0x08007244   0x0000016c   Code   RO         3959    i.QF_TM             qfsm_user.o
    0x080073b0   0x080073b0   0x00000420   Code   RO         3960    i.QF_TR             qfsm_user.o
    0x080077d0   0x080077d0   0x00000154   Code   RO         3961    i.QF_TakeSite       qfsm_user.o
    0x08007924   0x08007924   0x00000030   Code   RO         3887    i.QFsm_dispatch     qfsm_dis.o
    0x08007954   0x08007954   0x0000001c   Code   RO         3918    i.QFsm_init         qfsm_ini.o
    0x08007970   0x08007970   0x00000002   Code   RO          479    i.SVC_Handler       stm32f4xx_it.o
    0x08007972   0x08007972   0x00000002   PAD
    0x08007974   0x08007974   0x00000160   Code   RO         4280    i.Servo_Pwm         my_servo.o
    0x08007ad4   0x08007ad4   0x0000003c   Code   RO         3293    i.Set_Pwm           mcnamu_wheel_drive.o
    0x08007b10   0x08007b10   0x000003fc   Code   RO         3294    i.Speed_Calculation  mcnamu_wheel_drive.o
    0x08007f0c   0x08007f0c   0x00000008   Code   RO          480    i.SysTick_Handler   stm32f4xx_it.o
    0x08007f14   0x08007f14   0x000000b0   Code   RO           17    i.SystemClock_Config  main.o
    0x08007fc4   0x08007fc4   0x00000014   Code   RO         3253    i.SystemInit        system_stm32f4xx.o
    0x08007fd8   0x08007fd8   0x0000002c   Code   RO         3415    i.System_Init       sys.o
    0x08008004   0x08008004   0x00000010   Code   RO          481    i.TIM5_IRQHandler   stm32f4xx_it.o
    0x08008014   0x08008014   0x000000d8   Code   RO          727    i.TIM_Base_SetConfig  stm32f4xx_hal_tim.o
    0x080080ec   0x080080ec   0x00000022   Code   RO          728    i.TIM_CCxChannelCmd  stm32f4xx_hal_tim.o
    0x0800810e   0x0800810e   0x00000016   Code   RO          738    i.TIM_ETR_SetConfig  stm32f4xx_hal_tim.o
    0x08008124   0x08008124   0x00000012   Code   RO          739    i.TIM_ITRx_SetConfig  stm32f4xx_hal_tim.o
    0x08008136   0x08008136   0x00000002   PAD
    0x08008138   0x08008138   0x00000070   Code   RO          740    i.TIM_OC1_SetConfig  stm32f4xx_hal_tim.o
    0x080081a8   0x080081a8   0x0000007c   Code   RO          741    i.TIM_OC2_SetConfig  stm32f4xx_hal_tim.o
    0x08008224   0x08008224   0x00000078   Code   RO          742    i.TIM_OC3_SetConfig  stm32f4xx_hal_tim.o
    0x0800829c   0x0800829c   0x00000054   Code   RO          743    i.TIM_OC4_SetConfig  stm32f4xx_hal_tim.o
    0x080082f0   0x080082f0   0x00000026   Code   RO          745    i.TIM_TI1_ConfigInputStage  stm32f4xx_hal_tim.o
    0x08008316   0x08008316   0x00000028   Code   RO          747    i.TIM_TI2_ConfigInputStage  stm32f4xx_hal_tim.o
    0x0800833e   0x0800833e   0x00000002   PAD
    0x08008340   0x08008340   0x00000094   Code   RO          482    i.UART4_IRQHandler  stm32f4xx_it.o
    0x080083d4   0x080083d4   0x00000010   Code   RO          483    i.UART5_IRQHandler  stm32f4xx_it.o
    0x080083e4   0x080083e4   0x00000014   Code   RO         2927    i.UART_DMAAbortOnError  stm32f4xx_hal_uart.o
    0x080083f8   0x080083f8   0x00000050   Code   RO         2928    i.UART_DMAError     stm32f4xx_hal_uart.o
    0x08008448   0x08008448   0x000000b0   Code   RO         2929    i.UART_DMAReceiveCplt  stm32f4xx_hal_uart.o
    0x080084f8   0x080084f8   0x00000020   Code   RO         2931    i.UART_DMARxHalfCplt  stm32f4xx_hal_uart.o
    0x08008518   0x08008518   0x00000058   Code   RO         2933    i.UART_DMATransmitCplt  stm32f4xx_hal_uart.o
    0x08008570   0x08008570   0x0000000e   Code   RO         2935    i.UART_DMATxHalfCplt  stm32f4xx_hal_uart.o
    0x0800857e   0x0800857e   0x0000006c   Code   RO         2937    i.UART_EndRxTransfer  stm32f4xx_hal_uart.o
    0x080085ea   0x080085ea   0x00000020   Code   RO         2938    i.UART_EndTransmit_IT  stm32f4xx_hal_uart.o
    0x0800860a   0x0800860a   0x00000026   Code   RO         2939    i.UART_EndTxTransfer  stm32f4xx_hal_uart.o
    0x08008630   0x08008630   0x000000f8   Code   RO         2940    i.UART_Receive_IT   stm32f4xx_hal_uart.o
    0x08008728   0x08008728   0x0000022c   Code   RO         2941    i.UART_SetConfig    stm32f4xx_hal_uart.o
    0x08008954   0x08008954   0x000000d0   Code   RO         2942    i.UART_Start_Receive_DMA  stm32f4xx_hal_uart.o
    0x08008a24   0x08008a24   0x0000004a   Code   RO         2943    i.UART_Start_Receive_IT  stm32f4xx_hal_uart.o
    0x08008a6e   0x08008a6e   0x00000060   Code   RO         2944    i.UART_Transmit_IT  stm32f4xx_hal_uart.o
    0x08008ace   0x08008ace   0x00000092   Code   RO         2945    i.UART_WaitOnFlagUntilTimeout  stm32f4xx_hal_uart.o
    0x08008b60   0x08008b60   0x0000012c   Code   RO         3803    i.USART1_IRQHandler  k210_uart.o
    0x08008c8c   0x08008c8c   0x00000054   Code   RO         3845    i.USART2_IRQHandler  k210_line_uart.o
    0x08008ce0   0x08008ce0   0x00000124   Code   RO         3454    i.USART3_IRQHandler  mpu.o
    0x08008e04   0x08008e04   0x00000094   Code   RO          484    i.USART6_IRQHandler  stm32f4xx_it.o
    0x08008e98   0x08008e98   0x00000004   Code   RO          485    i.UsageFault_Handler  stm32f4xx_it.o
    0x08008e9c   0x08008e9c   0x00000020   Code   RO         4577    i.__0printf$1       mc_w.l(printf1.o)
    0x08008ebc   0x08008ebc   0x00000010   Code   RO         2505    i.__NVIC_GetPriorityGrouping  stm32f4xx_hal_cortex.o
    0x08008ecc   0x08008ecc   0x00000028   Code   RO         2506    i.__NVIC_SetPriority  stm32f4xx_hal_cortex.o
    0x08008ef4   0x08008ef4   0x00000014   Code   RO         4513    i.__hardfp_fabs     m_wm.l(fabs.o)
    0x08008f08   0x08008f08   0x0000000e   Code   RO         4847    i.__scatterload_copy  mc_w.l(handlers.o)
    0x08008f16   0x08008f16   0x00000002   Code   RO         4848    i.__scatterload_null  mc_w.l(handlers.o)
    0x08008f18   0x08008f18   0x0000000e   Code   RO         4849    i.__scatterload_zeroinit  mc_w.l(handlers.o)
    0x08008f26   0x08008f26   0x00000002   PAD
    0x08008f28   0x08008f28   0x00000154   Code   RO         4584    i._printf_core      mc_w.l(printf1.o)
    0x0800907c   0x0800907c   0x000000c0   Code   RO         4281    i.catch1_1          my_servo.o
    0x0800913c   0x0800913c   0x000000ac   Code   RO         4282    i.catch1_2          my_servo.o
    0x080091e8   0x080091e8   0x000000c0   Code   RO         4283    i.catch1_3          my_servo.o
    0x080092a8   0x080092a8   0x00000084   Code   RO         4284    i.catch2_1          my_servo.o
    0x0800932c   0x0800932c   0x00000070   Code   RO         4285    i.catch2_2          my_servo.o
    0x0800939c   0x0800939c   0x00000070   Code   RO         4286    i.catch2_3          my_servo.o
    0x0800940c   0x0800940c   0x00000070   Code   RO         4287    i.catch_brige1      my_servo.o
    0x0800947c   0x0800947c   0x00000084   Code   RO         4288    i.catch_brige2      my_servo.o
    0x08009500   0x08009500   0x00000084   Code   RO         4289    i.catch_brige3      my_servo.o
    0x08009584   0x08009584   0x00000082   Code   RO         4290    i.catch_carsite0    my_servo.o
    0x08009606   0x08009606   0x0000006e   Code   RO         4291    i.catch_carsite1    my_servo.o
    0x08009674   0x08009674   0x00000082   Code   RO         4292    i.catch_carsite2    my_servo.o
    0x080096f6   0x080096f6   0x0000000a   Code   RO         3521    i.compare_int       user_lib.o
    0x08009700   0x08009700   0x00000098   Code   RO         4298    i.end_put_1_1       my_servo.o
    0x08009798   0x08009798   0x00000084   Code   RO         4300    i.end_put_1_2       my_servo.o
    0x0800981c   0x0800981c   0x00000098   Code   RO         4302    i.end_put_1_3       my_servo.o
    0x080098b4   0x080098b4   0x00000084   Code   RO         4304    i.end_put_2_1       my_servo.o
    0x08009938   0x08009938   0x00000084   Code   RO         4305    i.end_put_2_2       my_servo.o
    0x080099bc   0x080099bc   0x00000084   Code   RO         4306    i.end_put_2_3       my_servo.o
    0x08009a40   0x08009a40   0x00000020   Code   RO           18    i.fputc             main.o
    0x08009a60   0x08009a60   0x0000005c   Code   RO         4100    i.get_BACK_LED      get_led.o
    0x08009abc   0x08009abc   0x0000004c   Code   RO         4101    i.get_HEAD_LED      get_led.o
    0x08009b08   0x08009b08   0x00000068   Code   RO         4102    i.get_LEFT_LED      get_led.o
    0x08009b70   0x08009b70   0x00000068   Code   RO         4103    i.get_RIGHT_LED     get_led.o
    0x08009bd8   0x08009bd8   0x00000014   Code   RO         4145    i.init_bias         maps.o
    0x08009bec   0x08009bec   0x00000014   Code   RO         4146    i.init_maps         maps.o
    0x08009c00   0x08009c00   0x00000060   Code   RO         3529    i.loop_fp32_constrain  user_lib.o
    0x08009c60   0x08009c60   0x0000014c   Code   RO           19    i.main              main.o
    0x08009dac   0x08009dac   0x00000050   Code   RO         3455    i.mpuInit           mpu.o
    0x08009dfc   0x08009dfc   0x00000014   Code   RO         3456    i.mpu_control_init  mpu.o
    0x08009e10   0x08009e10   0x00000050   Code   RO         3457    i.mpureturnzero     mpu.o
    0x08009e60   0x08009e60   0x00000284   Code   RO         3296    i.pid_solve         mcnamu_wheel_drive.o
    0x0800a0e4   0x0800a0e4   0x00000070   Code   RO         4307    i.put_brige1        my_servo.o
    0x0800a154   0x0800a154   0x00000070   Code   RO         4308    i.put_brige2        my_servo.o
    0x0800a1c4   0x0800a1c4   0x00000070   Code   RO         4309    i.put_brige3        my_servo.o
    0x0800a234   0x0800a234   0x0000005a   Code   RO         4310    i.put_carsite0      my_servo.o
    0x0800a28e   0x0800a28e   0x0000006e   Code   RO         4311    i.put_carsite1      my_servo.o
    0x0800a2fc   0x0800a2fc   0x0000006e   Code   RO         4312    i.put_carsite2      my_servo.o
    0x0800a36a   0x0800a36a   0x00000008   Code   RO         3416    i.qfsm_temp         sys.o
    0x0800a372   0x0800a372   0x00000002   PAD
    0x0800a374   0x0800a374   0x0000002c   Code   RO         3531    i.ramp_init         user_lib.o
    0x0800a3a0   0x0800a3a0   0x000000bc   Code   RO         3458    i.sbus_to_mpu       mpu.o
    0x0800a45c   0x0800a45c   0x00000100   Code   RO         3297    i.speed2pwm         mcnamu_wheel_drive.o
    0x0800a55c   0x0800a55c   0x0000000c   Code   RO         4313    i.subs2k210         my_servo.o
    0x0800a568   0x0800a568   0x00000020   Code   RO         3533    i.theta_format      user_lib.o
    0x0800a588   0x0800a588   0x00000074   Code   RO         3846    i.uart_line_to_k210  k210_line_uart.o
    0x0800a5fc   0x0800a5fc   0x00000108   Code   RO         4147    i.uart_to_bias      maps.o
    0x0800a704   0x0800a704   0x00000054   Code   RO         3804    i.uart_to_k210      k210_uart.o
    0x0800a758   0x0800a758   0x000000ba   Code   RO         4148    i.uart_to_maps      maps.o
    0x0800a812   0x0800a812   0x00000002   PAD
    0x0800a814   0x0800a814   0x00000068   Code   RO         3299    i.wheel_BL_speed_set  mcnamu_wheel_drive.o
    0x0800a87c   0x0800a87c   0x00000068   Code   RO         3300    i.wheel_BR_speed_set  mcnamu_wheel_drive.o
    0x0800a8e4   0x0800a8e4   0x00000068   Code   RO         3301    i.wheel_HL_speed_set  mcnamu_wheel_drive.o
    0x0800a94c   0x0800a94c   0x0000005c   Code   RO         3302    i.wheel_HR_speed_set  mcnamu_wheel_drive.o
    0x0800a9a8   0x0800a9a8   0x00000008   Data   RO         2222    .constdata          stm32f4xx_hal_dma.o
    0x0800a9b0   0x0800a9b0   0x00000018   Data   RO         3254    .constdata          system_stm32f4xx.o
    0x0800a9c8   0x0800a9c8   0x00001404   Data   RO         3304    .constdata          mcnamu_wheel_drive.o
    0x0800bdcc   0x0800bdcc   0x00000034   Data   RO         3417    .constdata          sys.o
    0x0800be00   0x0800be00   0x00000020   Data   RO         4845    Region$$Table       anon$$obj.o


    Execution Region RW_IRAM1 (Exec base: 0x20000000, Load base: 0x0800be20, Size: 0x00001088, Max: 0x0001c000, ABSOLUTE)

    Exec Addr    Load Addr    Size         Type   Attr      Idx    E Section Name        Object

    0x20000000   0x0800be20   0x00000052   Data   RW           21    .data               main.o
    0x20000052   0x0800be72   0x00000002   PAD
    0x20000054   0x0800be74   0x00000009   Data   RW         2654    .data               stm32f4xx_hal.o
    0x2000005d   0x0800be7d   0x00000003   PAD
    0x20000060   0x0800be80   0x00000004   Data   RW         3255    .data               system_stm32f4xx.o
    0x20000064   0x0800be84   0x0000000c   Data   RW         3305    .data               mcnamu_wheel_drive.o
    0x20000070   0x0800be90   0x00000014   Data   RW         3460    .data               mpu.o
    0x20000084   0x0800bea4   0x00000002   Data   RW         3806    .data               k210_uart.o
    0x20000086   0x0800bea6   0x00000005   Data   RW         4150    .data               maps.o
    0x2000008b   0x0800beab   0x00000001   PAD
    0x2000008c   0x0800beac   0x0000000a   Data   RW         4314    .data               my_servo.o
    0x20000096   0x0800beb6   0x00000002   PAD
    0x20000098   0x0800beb8   0x00000004   Data   RW         4827    .data               mc_w.l(stdout.o)
    0x2000009c   0x0800bebc   0x00000004   PAD
    0x200000a0        -       0x000002f8   Zero   RW           20    .bss                main.o
    0x20000398        -       0x000001f8   Zero   RW          310    .bss                tim.o
    0x20000590        -       0x00000438   Zero   RW          402    .bss                usart.o
    0x200009c8        -       0x00000064   Zero   RW         3459    .bss                mpu.o
    0x20000a2c        -       0x000000f0   Zero   RW         3534    .bss                user_lib.o
    0x20000b1c        -       0x00000028   Zero   RW         3805    .bss                k210_uart.o
    0x20000b44        -       0x00000036   Zero   RW         3847    .bss                k210_line_uart.o
    0x20000b7a   0x0800bebc   0x00000002   PAD
    0x20000b7c        -       0x0000010c   Zero   RW         4149    .bss                maps.o
    0x20000c88        -       0x00000400   Zero   RW            1    STACK               startup_stm32f407xx.o


    Execution Region RW_IRAM2 (Exec base: 0x2001c000, Load base: 0x0800bebc, Size: 0x00000000, Max: 0x00004000, ABSOLUTE)

    **** No section assigned to this execution region ****


==============================================================================

Image component sizes


      Code (inc. data)   RO Data    RW Data    ZI Data      Debug   Object Name

       312         28          0          0          0     575546   bsp_uart.o
       184          6          0          0          0        898   dma.o
       376         20          0          0          0       2313   get_led.o
       392         20          0          0          0       1231   gpio.o
       240         26          0          0         54       2562   k210_line_uart.o
       404         36          0          2         40       2826   k210_uart.o
      2546        274          0         82        760     699818   main.o
       490         94          0          5        268       4426   maps.o
      3136        244       5124         12          0      10709   mcnamu_wheel_drive.o
       660         84          0         20        100       4384   mpu.o
      3636         42          0         10          0      15494   my_servo.o
        48          6          0          0          0       2399   qfsm_dis.o
        28          4          0          0          0        939   qfsm_ini.o
     13372       1744          0          0          0      20171   qfsm_user.o
        36          8        392          0       1024        856   startup_stm32f407xx.o
       212         36          0          9          0       9565   stm32f4xx_hal.o
       304         22          0          0          0      34611   stm32f4xx_hal_cortex.o
      1436         16          8          0          0       7210   stm32f4xx_hal_dma.o
       548         46          0          0          0       3532   stm32f4xx_hal_gpio.o
        72          4          0          0          0        902   stm32f4xx_hal_msp.o
      1820         84          0          0          0       5768   stm32f4xx_hal_rcc.o
      2390        142          0          0          0     702106   stm32f4xx_hal_tim.o
       300         30          0          0          0       3421   stm32f4xx_hal_tim_ex.o
      3426         38          0          0          0      21274   stm32f4xx_hal_uart.o
       474         82          0          0          0      11423   stm32f4xx_it.o
        52         14         52          0          0       1822   sys.o
        20          6         24          4          0       1187   system_stm32f4xx.o
      1788        140          0          0        504       7864   tim.o
      1680        148          0          0       1080       5982   usart.o
       374         32          0          0        240       7561   user_lib.o

    ----------------------------------------------------------------------
     40780       3476       5632        152       4072    2168800   Object Totals
         0          0         32          0          0          0   (incl. Generated)
        24          0          0          8          2          0   (incl. Padding)

    ----------------------------------------------------------------------

      Code (inc. data)   RO Data    RW Data    ZI Data      Debug   Library Member Name

        20          0          0          0          0        124   fabs.o
         0          0          0          0          0          0   entry.o
         0          0          0          0          0          0   entry10a.o
         0          0          0          0          0          0   entry11a.o
         4          0          0          0          0          0   entry12b.o
         8          4          0          0          0          0   entry2.o
         4          0          0          0          0          0   entry5.o
         0          0          0          0          0          0   entry7b.o
         0          0          0          0          0          0   entry8b.o
         8          4          0          0          0          0   entry9a.o
        30          0          0          0          0          0   handlers.o
        36          8          0          0          0         68   init.o
         0          0          0          0          0          0   iusefp.o
        30          0          0          0          0         68   llshl.o
        36          0          0          0          0         68   llsshr.o
        32          0          0          0          0         68   llushr.o
        36          0          0          0          0         68   memcpya.o
        36          0          0          0          0        108   memseta.o
       372         14          0          0          0        184   printf1.o
       156          0          0          0          0         88   qsort.o
         0          0          0          4          0          0   stdout.o
        44          0          0          0          0         80   uidiv.o
        98          0          0          0          0         92   uldiv.o
        48          0          0          0          0         68   cdcmple.o
        48          0          0          0          0         68   cdrcmple.o
        56          0          0          0          0         88   d2f.o
       334          0          0          0          0        148   dadd.o
       222          0          0          0          0        100   ddiv.o
       186          0          0          0          0        176   depilogue.o
        34          0          0          0          0         76   dflti.o
       228          0          0          0          0         96   dmul.o
        38          0          0          0          0         68   f2d.o
       110          0          0          0          0        168   fepilogue.o

    ----------------------------------------------------------------------
      2260         30          0          4          4       2072   Library Totals
         6          0          0          0          4          0   (incl. Padding)

    ----------------------------------------------------------------------

      Code (inc. data)   RO Data    RW Data    ZI Data      Debug   Library Name

        20          0          0          0          0        124   m_wm.l
       930         30          0          4          0        892   mc_w.l
      1304          0          0          0          0       1056   mf_w.l

    ----------------------------------------------------------------------
      2260         30          0          4          4       2072   Library Totals

    ----------------------------------------------------------------------

==============================================================================


      Code (inc. data)   RO Data    RW Data    ZI Data      Debug   

     43040       3506       5632        156       4076    2149440   Grand Totals
     43040       3506       5632        156       4076    2149440   ELF Image Totals
     43040       3506       5632        156          0          0   ROM Totals

==============================================================================

    Total RO  Size (Code + RO Data)                48672 (  47.53kB)
    Total RW  Size (RW Data + ZI Data)              4232 (   4.13kB)
    Total ROM Size (Code + RO Data + RW Data)      48828 (  47.68kB)

==============================================================================

