<html>
<body>
<pre>
<h1>µVision Build Log</h1>
<h2>Tool Versions:</h2>
IDE-Version: ¦ÌVision V5.37.0.0
Copyright (C) 2022 ARM Ltd and ARM Germany GmbH. All rights reserved.
License Information: gao Alexander Hamilton, edu, LIC=YA39H-W3JDX-Y8LFK-ZAB05-54IU3-3GSM3
 
Tool Versions:
Toolchain:       MDK-ARM Plus  Version: 5.37.0.0
Toolchain Path:  C:\Keil_v5\ARM\ARM_Compiler_5.06u7\Bin
C Compiler:      Armcc.exe V5.06 update 7 (build 960)
Assembler:       Armasm.exe V5.06 update 7 (build 960)
Linker/Locator:  ArmLink.exe V5.06 update 7 (build 960)
Library Manager: ArmAr.exe V5.06 update 7 (build 960)
Hex Converter:   FromElf.exe V5.06 update 7 (build 960)
CPU DLL:         SARMCM3.DLL V5.37.0.0
Dialog DLL:      DCM.DLL V1.17.5.0
Target DLL:      CMSIS_AGDI.dll V1.33.12.0
Dialog DLL:      TCM.DLL V1.56.1.0
 
<h2>Project:</h2>
C:\Users\Alexander Hamilton\Desktop\gongxun\2023.3.5-2\YYDS\MDK-ARM\YYDS.uvprojx
Project File Date:  03/19/2023

<h2>Output:</h2>
*** Using Compiler 'V5.06 update 7 (build 960)', folder: 'C:\Keil_v5\ARM\ARM_Compiler_5.06u7\Bin'
Build target 'YYDS'
compiling maps.c...
../app/get_LED.h(7): warning:  #1295-D: Deprecated declaration get_LEFT_LED - give arg types
  unsigned char get_LEFT_LED();
../app/get_LED.h(8): warning:  #1295-D: Deprecated declaration get_BACK_LED - give arg types
  unsigned char get_BACK_LED();
../app/get_LED.h(9): warning:  #1295-D: Deprecated declaration get_RIGHT_LED - give arg types
  unsigned char get_RIGHT_LED();
../app/get_LED.h(10): warning:  #1295-D: Deprecated declaration get_HEAD_LED - give arg types
  unsigned char get_HEAD_LED();
../Mcnamu_wheel_drive/Mcnamu_wheel_drive.h(84): warning:  #1295-D: Deprecated declaration wheel_init - give arg types
  void wheel_init();
../Mcnamu_wheel_drive/Mcnamu_wheel_drive.h(88): warning:  #1295-D: Deprecated declaration Drive_init - give arg types
  void Drive_init();
..\app\maps.c(37): warning:  #188-D: enumerated type mixed with another type
  	map->turn[3]=0;
..\app\maps.c(38): warning:  #188-D: enumerated type mixed with another type
  	map->turn[4]=0;
..\app\maps.c(69): warning:  #188-D: enumerated type mixed with another type
  	map->turn[10]=0;
..\app\maps.c(70): warning:  #188-D: enumerated type mixed with another type
  	map->turn[11]=0;
..\app\maps.c(173): warning:  #1-D: last line of file ends without a newline
  }
..\app\maps.c: 11 warnings, 0 errors
linking...
Program Size: Code=43040 RO-data=5632 RW-data=156 ZI-data=4076  
FromELF: creating hex file...
"YYDS\YYDS.axf" - 0 Error(s), 11 Warning(s).

<h2>Software Packages used:</h2>

Package Vendor: ARM
                http://www.keil.com/pack/ARM.CMSIS.5.9.0.pack
                ARM.CMSIS.5.9.0
                CMSIS (Common Microcontroller Software Interface Standard)
   * Component: CORE Version: 5.6.0

Package Vendor: Keil
                http://www.keil.com/pack/Keil.STM32F4xx_DFP.2.16.0.pack
                Keil.STM32F4xx_DFP.2.16.0
                STMicroelectronics STM32F4 Series Device Support, Drivers and Examples

<h2>Collection of Component include folders:</h2>
  ./RTE/_YYDS
  C:/Users/Alexander Hamilton/AppData/Local/Arm/Packs/ARM/CMSIS/5.9.0/CMSIS/Core/Include
  C:/Users/Alexander Hamilton/AppData/Local/Arm/Packs/Keil/STM32F4xx_DFP/2.16.0/Drivers/CMSIS/Device/ST/STM32F4xx/Include

<h2>Collection of Component Files used:</h2>

   * Component: ARM::CMSIS:CORE:5.6.0
      Include file:  CMSIS/Core/Include/tz_context.h
Build Time Elapsed:  00:00:04
</pre>
</body>
</html>
